Archive member included to satisfy reference by file (symbol)

C:/ST/STM32CubeIDE_2.0.0/STM32CubeIDE/plugins/com.st.stm32cube.ide.mcu.externaltools.gnu-tools-for-stm32.13.3.rel1.win32_1.0.100.202509120712/tools/bin/../lib/gcc/arm-none-eabi/13.3.1/../../../../arm-none-eabi/lib/thumb/v6-m/nofp\libc_nano.a(libc_a-exit.o)
                              C:/ST/STM32CubeIDE_2.0.0/STM32CubeIDE/plugins/com.st.stm32cube.ide.mcu.externaltools.gnu-tools-for-stm32.13.3.rel1.win32_1.0.100.202509120712/tools/bin/../lib/gcc/arm-none-eabi/13.3.1/../../../../arm-none-eabi/lib/thumb/v6-m/nofp/crt0.o (exit)
C:/ST/STM32CubeIDE_2.0.0/STM32CubeIDE/plugins/com.st.stm32cube.ide.mcu.externaltools.gnu-tools-for-stm32.13.3.rel1.win32_1.0.100.202509120712/tools/bin/../lib/gcc/arm-none-eabi/13.3.1/../../../../arm-none-eabi/lib/thumb/v6-m/nofp\libc_nano.a(libc_a-rand.o)
                              ./Core/Src/main.o (srand)
C:/ST/STM32CubeIDE_2.0.0/STM32CubeIDE/plugins/com.st.stm32cube.ide.mcu.externaltools.gnu-tools-for-stm32.13.3.rel1.win32_1.0.100.202509120712/tools/bin/../lib/gcc/arm-none-eabi/13.3.1/../../../../arm-none-eabi/lib/thumb/v6-m/nofp\libc_nano.a(libc_a-findfp.o)
                              C:/ST/STM32CubeIDE_2.0.0/STM32CubeIDE/plugins/com.st.stm32cube.ide.mcu.externaltools.gnu-tools-for-stm32.13.3.rel1.win32_1.0.100.202509120712/tools/bin/../lib/gcc/arm-none-eabi/13.3.1/../../../../arm-none-eabi/lib/thumb/v6-m/nofp\libc_nano.a(libc_a-exit.o) (__stdio_exit_handler)
C:/ST/STM32CubeIDE_2.0.0/STM32CubeIDE/plugins/com.st.stm32cube.ide.mcu.externaltools.gnu-tools-for-stm32.13.3.rel1.win32_1.0.100.202509120712/tools/bin/../lib/gcc/arm-none-eabi/13.3.1/../../../../arm-none-eabi/lib/thumb/v6-m/nofp\libc_nano.a(libc_a-fwalk.o)
                              C:/ST/STM32CubeIDE_2.0.0/STM32CubeIDE/plugins/com.st.stm32cube.ide.mcu.externaltools.gnu-tools-for-stm32.13.3.rel1.win32_1.0.100.202509120712/tools/bin/../lib/gcc/arm-none-eabi/13.3.1/../../../../arm-none-eabi/lib/thumb/v6-m/nofp\libc_nano.a(libc_a-findfp.o) (_fwalk_sglue)
C:/ST/STM32CubeIDE_2.0.0/STM32CubeIDE/plugins/com.st.stm32cube.ide.mcu.externaltools.gnu-tools-for-stm32.13.3.rel1.win32_1.0.100.202509120712/tools/bin/../lib/gcc/arm-none-eabi/13.3.1/../../../../arm-none-eabi/lib/thumb/v6-m/nofp\libc_nano.a(libc_a-stdio.o)
                              C:/ST/STM32CubeIDE_2.0.0/STM32CubeIDE/plugins/com.st.stm32cube.ide.mcu.externaltools.gnu-tools-for-stm32.13.3.rel1.win32_1.0.100.202509120712/tools/bin/../lib/gcc/arm-none-eabi/13.3.1/../../../../arm-none-eabi/lib/thumb/v6-m/nofp\libc_nano.a(libc_a-findfp.o) (__sread)
C:/ST/STM32CubeIDE_2.0.0/STM32CubeIDE/plugins/com.st.stm32cube.ide.mcu.externaltools.gnu-tools-for-stm32.13.3.rel1.win32_1.0.100.202509120712/tools/bin/../lib/gcc/arm-none-eabi/13.3.1/../../../../arm-none-eabi/lib/thumb/v6-m/nofp\libc_nano.a(libc_a-memset.o)
                              C:/ST/STM32CubeIDE_2.0.0/STM32CubeIDE/plugins/com.st.stm32cube.ide.mcu.externaltools.gnu-tools-for-stm32.13.3.rel1.win32_1.0.100.202509120712/tools/bin/../lib/gcc/arm-none-eabi/13.3.1/../../../../arm-none-eabi/lib/thumb/v6-m/nofp/crt0.o (memset)
C:/ST/STM32CubeIDE_2.0.0/STM32CubeIDE/plugins/com.st.stm32cube.ide.mcu.externaltools.gnu-tools-for-stm32.13.3.rel1.win32_1.0.100.202509120712/tools/bin/../lib/gcc/arm-none-eabi/13.3.1/../../../../arm-none-eabi/lib/thumb/v6-m/nofp\libc_nano.a(libc_a-closer.o)
                              C:/ST/STM32CubeIDE_2.0.0/STM32CubeIDE/plugins/com.st.stm32cube.ide.mcu.externaltools.gnu-tools-for-stm32.13.3.rel1.win32_1.0.100.202509120712/tools/bin/../lib/gcc/arm-none-eabi/13.3.1/../../../../arm-none-eabi/lib/thumb/v6-m/nofp\libc_nano.a(libc_a-stdio.o) (_close_r)
C:/ST/STM32CubeIDE_2.0.0/STM32CubeIDE/plugins/com.st.stm32cube.ide.mcu.externaltools.gnu-tools-for-stm32.13.3.rel1.win32_1.0.100.202509120712/tools/bin/../lib/gcc/arm-none-eabi/13.3.1/../../../../arm-none-eabi/lib/thumb/v6-m/nofp\libc_nano.a(libc_a-reent.o)
                              C:/ST/STM32CubeIDE_2.0.0/STM32CubeIDE/plugins/com.st.stm32cube.ide.mcu.externaltools.gnu-tools-for-stm32.13.3.rel1.win32_1.0.100.202509120712/tools/bin/../lib/gcc/arm-none-eabi/13.3.1/../../../../arm-none-eabi/lib/thumb/v6-m/nofp\libc_nano.a(libc_a-closer.o) (errno)
C:/ST/STM32CubeIDE_2.0.0/STM32CubeIDE/plugins/com.st.stm32cube.ide.mcu.externaltools.gnu-tools-for-stm32.13.3.rel1.win32_1.0.100.202509120712/tools/bin/../lib/gcc/arm-none-eabi/13.3.1/../../../../arm-none-eabi/lib/thumb/v6-m/nofp\libc_nano.a(libc_a-impure.o)
                              C:/ST/STM32CubeIDE_2.0.0/STM32CubeIDE/plugins/com.st.stm32cube.ide.mcu.externaltools.gnu-tools-for-stm32.13.3.rel1.win32_1.0.100.202509120712/tools/bin/../lib/gcc/arm-none-eabi/13.3.1/../../../../arm-none-eabi/lib/thumb/v6-m/nofp\libc_nano.a(libc_a-rand.o) (_impure_ptr)
[...]
Memory Configuration

Name             Origin             Length             Attributes
RAM              0x20000000         0x00002000         xrw
FLASH            0x08000000         0x00010000         xr
*default*        0x00000000         0xffffffff

Linker script and memory map

LOAD C:/ST/STM32CubeIDE_2.0.0/STM32CubeIDE/plugins/com.st.stm32cube.ide.mcu.externaltools.gnu-tools-for-stm32.13.3.rel1.win32_1.0.100.202509120712/tools/bin/../lib/gcc/arm-none-eabi/13.3.1/thumb/v6-m/nofp/crti.o
LOAD C:/ST/STM32CubeIDE_2.0.0/STM32CubeIDE/plugins/com.st.stm32cube.ide.mcu.externaltools.gnu-tools-for-stm32.13.3.rel1.win32_1.0.100.202509120712/tools/bin/../lib/gcc/arm-none-eabi/13.3.1/thumb/v6-m/nofp/crtbegin.o
LOAD C:/ST/STM32CubeIDE_2.0.0/STM32CubeIDE/plugins/com.st.stm32cube.ide.mcu.externaltools.gnu-tools-for-stm32.13.3.rel1.win32_1.0.100.202509120712/tools/bin/../lib/gcc/arm-none-eabi/13.3.1/../../../../arm-none-eabi/lib/thumb/v6-m/nofp/crt0.o
LOAD ./Core/Src/button.o
LOAD ./Core/Src/debug.o
LOAD ./Core/Src/game_engine.o
LOAD ./Core/Src/game_io.o
LOAD ./Core/Src/led.o
LOAD ./Core/Src/main.o
LOAD ./Core/Src/stm32f0xx_hal_msp.o
LOAD ./Core/Src/stm32f0xx_it.o
LOAD ./Core/Src/syscalls.o
LOAD ./Core/Src/sysmem.o
LOAD ./Core/Src/system_stm32f0xx.o
LOAD ./Core/Src/uart_protocol.o
LOAD ./Core/Startup/startup_stm32f051r8tx.o
LOAD ./Drivers/STM32F0xx_HAL_Driver/Src/stm32f0xx_hal.o
LOAD ./Drivers/STM32F0xx_HAL_Driver/Src/stm32f0xx_hal_cortex.o
LOAD ./Drivers/STM32F0xx_HAL_Driver/Src/stm32f0xx_hal_dma.o
LOAD ./Drivers/STM32F0xx_HAL_Driver/Src/stm32f0xx_hal_exti.o
LOAD ./Drivers/STM32F0xx_HAL_Driver/Src/stm32f0xx_hal_flash.o
LOAD ./Drivers/STM32F0xx_HAL_Driver/Src/stm32f0xx_hal_flash_ex.o
LOAD ./Drivers/STM32F0xx_HAL_Driver/Src/stm32f0xx_hal_gpio.o
LOAD ./Drivers/STM32F0xx_HAL_Driver/Src/stm32f0xx_hal_i2c.o
LOAD ./Drivers/STM32F0xx_HAL_Driver/Src/stm32f0xx_hal_i2c_ex.o
LOAD ./Drivers/STM32F0xx_HAL_Driver/Src/stm32f0xx_hal_pwr.o
LOAD ./Drivers/STM32F0xx_HAL_Driver/Src/stm32f0xx_hal_pwr_ex.o
LOAD ./Drivers/STM32F0xx_HAL_Driver/Src/stm32f0xx_hal_rcc.o
LOAD ./Drivers/STM32F0xx_HAL_Driver/Src/stm32f0xx_hal_rcc_ex.o
LOAD ./Drivers/STM32F0xx_HAL_Driver/Src/stm32f0xx_hal_uart.o
LOAD ./Drivers/STM32F0xx_HAL_Driver/Src/stm32f0xx_hal_uart_ex.o
START GROUP
LOAD C:/ST/STM32CubeIDE_2.0.0/STM32CubeIDE/plugins/com.st.stm32cube.ide.mcu.externaltools.gnu-tools-for-stm32.13.3.rel1.win32_1.0.100.202509120712/tools/bin/../lib/gcc/arm-none-eabi/13.3.1/../../../../arm-none-eabi/lib/thumb/v6-m/nofp\libc_nano.a
LOAD C:/ST/STM32CubeIDE_2.0.0/STM32CubeIDE/plugins/com.st.stm32cube.ide.mcu.externaltools.gnu-tools-for-stm32.13.3.rel1.win32_1.0.100.202509120712/tools/bin/../lib/gcc/arm-none-eabi/13.3.1/../../../../arm-none-eabi/lib/thumb/v6-m/nofp\libm.a
END GROUP
START GROUP
LOAD C:/ST/STM32CubeIDE_2.0.0/STM32CubeIDE/plugins/com.st.stm32cube.ide.mcu.externaltools.gnu-tools-for-stm32.13.3.rel1.win32_1.0.100.202509120712/tools/bin/../lib/gcc/arm-none-eabi/13.3.1/thumb/v6-m/nofp\libgcc.a
LOAD C:/ST/STM32CubeIDE_2.0.0/STM32CubeIDE/plugins/com.st.stm32cube.ide.mcu.externaltools.gnu-tools-for-stm32.13.3.rel1.win32_1.0.100.202509120712/tools/bin/../lib/gcc/arm-none-eabi/13.3.1/../../../../arm-none-eabi/lib/thumb/v6-m/nofp\libc_nano.a
END GROUP
START GROUP
LOAD C:/ST/STM32CubeIDE_2.0.0/STM32CubeIDE/plugins/com.st.stm32cube.ide.mcu.externaltools.gnu-tools-for-stm32.13.3.rel1.win32_1.0.100.202509120712/tools/bin/../lib/gcc/arm-none-eabi/13.3.1/thumb/v6-m/nofp\libgcc.a
LOAD C:/ST/STM32CubeIDE_2.0.0/STM32CubeIDE/plugins/com.st.stm32cube.ide.mcu.externaltools.gnu-tools-for-stm32.13.3.rel1.win32_1.0.100.202509120712/tools/bin/../lib/gcc/arm-none-eabi/13.3.1/../../../../arm-none-eabi/lib/thumb/v6-m/nofp\libc_nano.a
LOAD C:/ST/STM32CubeIDE_2.0.0/STM32CubeIDE/plugins/com.st.stm32cube.ide.mcu.externaltools.gnu-tools-for-stm32.13.3.rel1.win32_1.0.100.202509120712/tools/bin/../lib/gcc/arm-none-eabi/13.3.1/../../../../arm-none-eabi/lib/thumb/v6-m/nofp\libnosys.a
END GROUP
START GROUP
LOAD C:/ST/STM32CubeIDE_2.0.0/STM32CubeIDE/plugins/com.st.stm32cube.ide.mcu.externaltools.gnu-tools-for-stm32.13.3.rel1.win32_1.0.100.202509120712/tools/bin/../lib/gcc/arm-none-eabi/13.3.1/thumb/v6-m/nofp\libgcc.a
LOAD C:/ST/STM32CubeIDE_2.0.0/STM32CubeIDE/plugins/com.st.stm32cube.ide.mcu.externaltools.gnu-tools-for-stm32.13.3.rel1.win32_1.0.100.202509120712/tools/bin/../lib/gcc/arm-none-eabi/13.3.1/../../../../arm-none-eabi/lib/thumb/v6-m/nofp\libc_nano.a
LOAD C:/ST/STM32CubeIDE_2.0.0/STM32CubeIDE/plugins/com.st.stm32cube.ide.mcu.externaltools.gnu-tools-for-stm32.13.3.rel1.win32_1.0.100.202509120712/tools/bin/../lib/gcc/arm-none-eabi/13.3.1/../../../../arm-none-eabi/lib/thumb/v6-m/nofp\libnosys.a
END GROUP
LOAD C:/ST/STM32CubeIDE_2.0.0/STM32CubeIDE/plugins/com.st.stm32cube.ide.mcu.externaltools.gnu-tools-for-stm32.13.3.rel1.win32_1.0.100.202509120712/tools/bin/../lib/gcc/arm-none-eabi/13.3.1/thumb/v6-m/nofp/crtend.o
LOAD C:/ST/STM32CubeIDE_2.0.0/STM32CubeIDE/plugins/com.st.stm32cube.ide.mcu.externaltools.gnu-tools-for-stm32.13.3.rel1.win32_1.0.100.202509120712/tools/bin/../lib/gcc/arm-none-eabi/13.3.1/thumb/v6-m/nofp/crtn.o
                0x20002000                        _estack = (ORIGIN (RAM) + LENGTH (RAM))
                0x00000200                        _Min_Heap_Size = 0x200
                0x00000400                        _Min_Stack_Size = 0x400

.isr_vector     0x08000000       0xc0
                0x08000000                        . = ALIGN (0x4)
 *(.isr_vector)
 .isr_vector    0x08000000       0xc0 ./Core/Startup/startup_stm32f051r8tx.o
                0x08000000                g_pfnVectors
                0x080000c0                        . = ALIGN (0x4)

.text           0x080000c0     0x5eac
                0x080000c0                        . = ALIGN (0x4)
 *(.text)
 .text          0x080000c0       0x48 C:/ST/STM32CubeIDE_2.0.0/STM32CubeIDE/plugins/com.st.stm32cube.ide.mcu.externaltools.gnu-tools-for-stm32.13.3.rel1.win32_1.0.100.202509120712/tools/bin/../lib/gcc/arm-none-eabi/13.3.1/thumb/v6-m/nofp/crtbegin.o
 .text          0x08000108       0x14 C:/ST/STM32CubeIDE_2.0.0/STM32CubeIDE/plugins/com.st.stm32cube.ide.mcu.externaltools.gnu-tools-for-stm32.13.3.rel1.win32_1.0.100.202509120712/tools/bin/../lib/gcc/arm-none-eabi/13.3.1/thumb/v6-m/nofp\libgcc.a(_thumb1_case_shi.o)
                0x08000108                __gnu_thumb1_case_shi
 .text          0x0800011c      0x114 C:/ST/STM32CubeIDE_2.0.0/STM32CubeIDE/plugins/com.st.stm32cube.ide.mcu.externaltools.gnu-tools-for-stm32.13.3.rel1.win32_1.0.100.202509120712/tools/bin/../lib/gcc/arm-none-eabi/13.3.1/thumb/v6-m/nofp\libgcc.a(_udivsi3.o)
                0x0800011c                __aeabi_uidiv
                0x0800011c                __udivsi3
                0x08000228                __aeabi_uidivmod
 .text          0x08000230      0x1d4 C:/ST/STM32CubeIDE_2.0.0/STM32CubeIDE/plugins/com.st.stm32cube.ide.mcu.externaltools.gnu-tools-for-stm32.13.3.rel1.win32_1.0.100.202509120712/tools/bin/../lib/gcc/arm-none-eabi/13.3.1/thumb/v6-m/nofp\libgcc.a(_divsi3.o)
                0x08000230                __divsi3
                0x08000230                __aeabi_idiv
                0x080003fc                __aeabi_idivmod
 .text          0x08000404        0x4 C:/ST/STM32CubeIDE_2.0.0/STM32CubeIDE/plugins/com.st.stm32cube.ide.mcu.externaltools.gnu-tools-for-stm32.13.3.rel1.win32_1.0.100.202509120712/tools/bin/../lib/gcc/arm-none-eabi/13.3.1/thumb/v6-m/nofp\libgcc.a(_dvmd_tls.o)
                0x08000404                __aeabi_idiv0
                0x08000404                __aeabi_ldiv0
 .text          0x08000408       0x5c C:/ST/STM32CubeIDE_2.0.0/STM32CubeIDE/plugins/com.st.stm32cube.ide.mcu.externaltools.gnu-tools-for-stm32.13.3.rel1.win32_1.0.100.202509120712/tools/bin/../lib/gcc/arm-none-eabi/13.3.1/thumb/v6-m/nofp\libgcc.a(_muldi3.o)
                0x08000408                __muldi3
                0x08000408                __aeabi_lmul
 *(.text*)
 .text.handle_short_press
                0x08000464       0x8c ./Core/Src/button.o
 .text.handle_release
                0x080004f0       0x82 ./Core/Src/button.o
 *fill*         0x08000572        0x2 
 .text.Button_Init
                0x08000574       0x20 ./Core/Src/button.o
                0x08000574                Button_Init
 .text.Button_Process
                0x08000594       0xbc ./Core/Src/button.o
                0x08000594                Button_Process
 .text.Debug_Init
                0x08000650        0xa ./Core/Src/debug.o
                0x08000650                Debug_Init
 *fill*         0x0800065a        0x2 
 .text.Debug_SetMode
                0x0800065c       0x60 ./Core/Src/debug.o
                0x0800065c                Debug_SetMode
 .text.Debug_GetMode
                0x080006bc       0x14 ./Core/Src/debug.o
                0x080006bc                Debug_GetMode
 .text.send_random_packet
                0x080006d0       0xf6 ./Core/Src/debug.o
 *fill*         0x080007c6        0x2 
 .text.send_scenario_step
                0x080007c8       0x88 ./Core/Src/debug.o
 .text.inject_error
                0x08000850       0xa4 ./Core/Src/debug.o
 .text.Debug_Process
                0x080008f4       0x64 ./Core/Src/debug.o
                0x080008f4                Debug_Process
 .text.Debug_OnCommand
                0x08000958       0x58 ./Core/Src/debug.o
                0x08000958                Debug_OnCommand
 .text.Add_Wall_Pair
                0x080009b0       0xc4 ./Core/Src/game_engine.o
 .text.Add_Vertical_Wall
                0x08000a74       0xa0 ./Core/Src/game_engine.o
 .text.Add_Horizontal_Wall
                0x08000b14       0xa0 ./Core/Src/game_engine.o
 .text.Build_Level_Labyrinth_Exact
                0x08000bb4      0x242 ./Core/Src/game_engine.o
 .text.Build_Maze_Level
                0x08000df6       0xd2 ./Core/Src/game_engine.o
 .text.Build_Level_5_Symmetric_Corners
                0x08000ec8      0x2ca ./Core/Src/game_engine.o
 *fill*         0x08001192        0x2 
 .text.Generate_Food
                0x08001194       0xe8 ./Core/Src/game_engine.o
 .text.Setup_Level
                0x0800127c       0xe8 ./Core/Src/game_engine.o
 .text.Reset_Game
                0x08001364       0x4c ./Core/Src/game_engine.o
 .text.Start_Game
                0x080013b0       0x78 ./Core/Src/game_engine.o
 .text.Game_Start
                0x08001428        0xe ./Core/Src/game_engine.o
                0x08001428                Game_Start
 .text.Game_GetSpeedMs
                0x08001436       0x10 ./Core/Src/game_engine.o
                0x08001436                Game_GetSpeedMs
 *fill*         0x08001446        0x2 
 .text.Game_Update
                0x08001448      0x2fc ./Core/Src/game_engine.o
                0x08001448                Game_Update
 .text.Game_HandleCommand
                0x08001744       0xe4 ./Core/Src/game_engine.o
                0x08001744                Game_HandleCommand
 .text.GameIO_GetSelectedLevel
                0x08001828       0x14 ./Core/Src/game_io.o
                0x08001828                GameIO_GetSelectedLevel
 .text.UART_Handler
                0x0800183c       0xe8 ./Core/Src/game_io.o
 .text.GameIO_Init
                0x08001924       0x18 ./Core/Src/game_io.o
                0x08001924                GameIO_Init
 .text.GameIO_RegisterCallback
                0x0800193c       0x1c ./Core/Src/game_io.o
                0x0800193c                GameIO_RegisterCallback
 .text.GameIO_GetState
                0x08001958       0x14 ./Core/Src/game_io.o
                0x08001958                GameIO_GetState
 .text.GameIO_SetState
                0x0800196c       0x28 ./Core/Src/game_io.o
                0x0800196c                GameIO_SetState
 .text.GameIO_GetSpeed
                0x08001994       0x14 ./Core/Src/game_io.o
                0x08001994                GameIO_GetSpeed
 .text.GameIO_GetBoundaryMode
                0x080019a8       0x14 ./Core/Src/game_io.o
                0x080019a8                GameIO_GetBoundaryMode
 .text.GameIO_SendDelta
                0x080019bc       0x66 ./Core/Src/game_io.o
                0x080019bc                GameIO_SendDelta
 .text.GameIO_SendScore
                0x08001a22       0x2a ./Core/Src/game_io.o
                0x08001a22                GameIO_SendScore
 .text.GameIO_SendState
                0x08001a4c       0x1e ./Core/Src/game_io.o
                0x08001a4c                GameIO_SendState
 .text.resolve  0x08001a6a       0x66 ./Core/Src/led.o
 .text.write_pins
                0x08001ad0       0x5c ./Core/Src/led.o
 .text.effective_mode
                0x08001b2c       0x5c ./Core/Src/led.o
 .text.LED_Init
                0x08001b88       0x44 ./Core/Src/led.o
                0x08001b88                LED_Init
 .text.LED_UpdateModes
                0x08001bcc       0x80 ./Core/Src/led.o
                0x08001bcc                LED_UpdateModes
 .text.LED_SetTempEvent
                0x08001c4c       0x70 ./Core/Src/led.o
                0x08001c4c                LED_SetTempEvent
 .text.LED_TriggerEvent
                0x08001cbc       0x66 ./Core/Src/led.o
                0x08001cbc                LED_TriggerEvent
 *fill*         0x08001d22        0x2 
 .text.LED_IndicateDebugMode
                0x08001d24       0x44 ./Core/Src/led.o
                0x08001d24                LED_IndicateDebugMode
 .text.LED_Update
                0x08001d68       0xb4 ./Core/Src/led.o
                0x08001d68                LED_Update
 .text.main     0x08001e1c      0x168 ./Core/Src/main.o
                0x08001e1c                main
 .text.SystemClock_Config
                0x08001f84       0xc2 ./Core/Src/main.o
                0x08001f84                SystemClock_Config
 *fill*         0x08002046        0x2 
 .text.MX_USART1_UART_Init
                0x08002048       0x60 ./Core/Src/main.o
 .text.MX_GPIO_Init
                0x080020a8       0xb4 ./Core/Src/main.o
 .text.HAL_UART_RxCpltCallback
                0x0800215c       0x90 ./Core/Src/main.o
                0x0800215c                HAL_UART_RxCpltCallback
 .text.Error_Handler
                0x080021ec        0xc ./Core/Src/main.o
                0x080021ec                Error_Handler
 .text.HAL_MspInit
                0x080021f8       0x48 ./Core/Src/stm32f0xx_hal_msp.o
                0x080021f8                HAL_MspInit
 .text.HAL_UART_MspInit
                0x08002240       0xac ./Core/Src/stm32f0xx_hal_msp.o
                0x08002240                HAL_UART_MspInit
 .text.NMI_Handler
                0x080022ec        0x8 ./Core/Src/stm32f0xx_it.o
                0x080022ec                NMI_Handler
 .text.HardFault_Handler
                0x080022f4        0x8 ./Core/Src/stm32f0xx_it.o
                0x080022f4                HardFault_Handler
 .text.SVC_Handler
                0x080022fc        0xa ./Core/Src/stm32f0xx_it.o
                0x080022fc                SVC_Handler
 .text.PendSV_Handler
                0x08002306        0xa ./Core/Src/stm32f0xx_it.o
                0x08002306                PendSV_Handler
 .text.SysTick_Handler
                0x08002310        0xe ./Core/Src/stm32f0xx_it.o
                0x08002310                SysTick_Handler
 *fill*         0x0800231e        0x2 
 .text.USART1_IRQHandler
                0x08002320       0x18 ./Core/Src/stm32f0xx_it.o
                0x08002320                USART1_IRQHandler
 .text._getpid  0x08002338        0xc ./Core/Src/syscalls.o
                0x08002338                _getpid
 .text._kill    0x08002344       0x20 ./Core/Src/syscalls.o
                0x08002344                _kill
 .text._exit    0x08002364       0x1a ./Core/Src/syscalls.o
                0x08002364                _exit
 .text._read    0x0800237e       0x3a ./Core/Src/syscalls.o
                0x0800237e                _read
 .text._write   0x080023b8       0x38 ./Core/Src/syscalls.o
                0x080023b8                _write
 .text._close   0x080023f0       0x14 ./Core/Src/syscalls.o
                0x080023f0                _close
 .text._fstat   0x08002404       0x1c ./Core/Src/syscalls.o
                0x08002404                _fstat
 .text._isatty  0x08002420       0x12 ./Core/Src/syscalls.o
                0x08002420                _isatty
 .text._lseek   0x08002432       0x16 ./Core/Src/syscalls.o
                0x08002432                _lseek
 .text._sbrk    0x08002448       0x6c ./Core/Src/sysmem.o
                0x08002448                _sbrk
 .text.SystemInit
                0x080024b4        0xa ./Core/Src/system_stm32f0xx.o
                0x080024b4                SystemInit
 *fill*         0x080024be        0x2 
 .text.UART_Protocol_Init
                0x080024c0       0x1c ./Core/Src/uart_protocol.o
                0x080024c0                UART_Protocol_Init
 .text.UART_RegisterHandler
                0x080024dc       0x1c ./Core/Src/uart_protocol.o
                0x080024dc                UART_RegisterHandler
 .text.UART_CalculateChecksum
                0x080024f8       0x5e ./Core/Src/uart_protocol.o
                0x080024f8                UART_CalculateChecksum
 *fill*         0x08002556        0x2 
 .text.UART_SendPacket
                0x08002558       0xbc ./Core/Src/uart_protocol.o
                0x08002558                UART_SendPacket
 .text.UART_ProcessByte
                0x08002614      0x15c ./Core/Src/uart_protocol.o
                0x08002614                UART_ProcessByte
 .text.UART_SendScore
                0x08002770       0x58 ./Core/Src/uart_protocol.o
                0x08002770                UART_SendScore
 .text.UART_SendState
                0x080027c8       0x3a ./Core/Src/uart_protocol.o
                0x080027c8                UART_SendState
 *fill*         0x08002802        0x2 
 .text.Reset_Handler
                0x08002804       0x50 ./Core/Startup/startup_stm32f051r8tx.o
                0x08002804                Reset_Handler
 .text.Default_Handler
                0x08002854        0x2 ./Core/Startup/startup_stm32f051r8tx.o
                0x08002854                TIM1_CC_IRQHandler
                0x08002854                TSC_IRQHandler
                0x08002854                ADC1_COMP_IRQHandler
                0x08002854                PVD_IRQHandler
                0x08002854                I2C1_IRQHandler
                0x08002854                RCC_CRS_IRQHandler
                0x08002854                SPI1_IRQHandler
                0x08002854                TIM6_DAC_IRQHandler
                0x08002854                EXTI2_3_IRQHandler
                0x08002854                I2C2_IRQHandler
                0x08002854                TIM17_IRQHandler
                0x08002854                CEC_CAN_IRQHandler
                0x08002854                RTC_IRQHandler
                0x08002854                TIM16_IRQHandler
                0x08002854                TIM3_IRQHandler
                0x08002854                EXTI4_15_IRQHandler
                0x08002854                DMA1_Channel1_IRQHandler
                0x08002854                Default_Handler
                0x08002854                TIM14_IRQHandler
                0x08002854                DMA1_Channel4_5_IRQHandler
                0x08002854                TIM15_IRQHandler
                0x08002854                EXTI0_1_IRQHandler
                0x08002854                SPI2_IRQHandler
                0x08002854                WWDG_IRQHandler
                0x08002854                TIM2_IRQHandler
                0x08002854                DMA1_Channel2_3_IRQHandler
                0x08002854                USART2_IRQHandler
                0x08002854                FLASH_IRQHandler
                0x08002854                TIM1_BRK_UP_TRG_COM_IRQHandler
 *fill*         0x08002856        0x2 
 .text.HAL_Init
                0x08002858       0x28 ./Drivers/STM32F0xx_HAL_Driver/Src/stm32f0xx_hal.o
                0x08002858                HAL_Init
 .text.HAL_InitTick
                0x08002880       0x68 ./Drivers/STM32F0xx_HAL_Driver/Src/stm32f0xx_hal.o
                0x08002880                HAL_InitTick
 .text.HAL_IncTick
                0x080028e8       0x24 ./Drivers/STM32F0xx_HAL_Driver/Src/stm32f0xx_hal.o
                0x080028e8                HAL_IncTick
 .text.HAL_GetTick
                0x0800290c       0x14 ./Drivers/STM32F0xx_HAL_Driver/Src/stm32f0xx_hal.o
                0x0800290c                HAL_GetTick
 .text.HAL_Delay
                0x08002920       0x48 ./Drivers/STM32F0xx_HAL_Driver/Src/stm32f0xx_hal.o
                0x08002920                HAL_Delay
 .text.__NVIC_EnableIRQ
                0x08002968       0x34 ./Drivers/STM32F0xx_HAL_Driver/Src/stm32f0xx_hal_cortex.o
 .text.__NVIC_SetPriority
                0x0800299c       0xdc ./Drivers/STM32F0xx_HAL_Driver/Src/stm32f0xx_hal_cortex.o
 .text.SysTick_Config
                0x08002a78       0x48 ./Drivers/STM32F0xx_HAL_Driver/Src/stm32f0xx_hal_cortex.o
 .text.HAL_NVIC_SetPriority
                0x08002ac0       0x2a ./Drivers/STM32F0xx_HAL_Driver/Src/stm32f0xx_hal_cortex.o
                0x08002ac0                HAL_NVIC_SetPriority
 .text.HAL_NVIC_EnableIRQ
                0x08002aea       0x20 ./Drivers/STM32F0xx_HAL_Driver/Src/stm32f0xx_hal_cortex.o
                0x08002aea                HAL_NVIC_EnableIRQ
 .text.HAL_SYSTICK_Config
                0x08002b0a       0x1a ./Drivers/STM32F0xx_HAL_Driver/Src/stm32f0xx_hal_cortex.o
                0x08002b0a                HAL_SYSTICK_Config
 .text.HAL_DMA_Abort
                0x08002b24       0x70 ./Drivers/STM32F0xx_HAL_Driver/Src/stm32f0xx_hal_dma.o
                0x08002b24                HAL_DMA_Abort
 .text.HAL_DMA_Abort_IT
                0x08002b94       0x8a ./Drivers/STM32F0xx_HAL_Driver/Src/stm32f0xx_hal_dma.o
                0x08002b94                HAL_DMA_Abort_IT
 *fill*         0x08002c1e        0x2 
 .text.HAL_GPIO_Init
                0x08002c20      0x2e0 ./Drivers/STM32F0xx_HAL_Driver/Src/stm32f0xx_hal_gpio.o
                0x08002c20                HAL_GPIO_Init
 .text.HAL_GPIO_ReadPin
                0x08002f00       0x3a ./Drivers/STM32F0xx_HAL_Driver/Src/stm32f0xx_hal_gpio.o
                0x08002f00                HAL_GPIO_ReadPin
 .text.HAL_GPIO_WritePin
                0x08002f3a       0x3a ./Drivers/STM32F0xx_HAL_Driver/Src/stm32f0xx_hal_gpio.o
                0x08002f3a                HAL_GPIO_WritePin
 .text.HAL_RCC_OscConfig
                0x08002f74      0x634 ./Drivers/STM32F0xx_HAL_Driver/Src/stm32f0xx_hal_rcc.o
                0x08002f74                HAL_RCC_OscConfig
 .text.HAL_RCC_ClockConfig
                0x080035a8      0x19c ./Drivers/STM32F0xx_HAL_Driver/Src/stm32f0xx_hal_rcc.o
                0x080035a8                HAL_RCC_ClockConfig
 .text.HAL_RCC_GetSysClockFreq
                0x08003744       0xac ./Drivers/STM32F0xx_HAL_Driver/Src/stm32f0xx_hal_rcc.o
                0x08003744                HAL_RCC_GetSysClockFreq
 .text.HAL_RCC_GetHCLKFreq
                0x080037f0       0x14 ./Drivers/STM32F0xx_HAL_Driver/Src/stm32f0xx_hal_rcc.o
                0x080037f0                HAL_RCC_GetHCLKFreq
 .text.HAL_RCC_GetPCLK1Freq
                0x08003804       0x2c ./Drivers/STM32F0xx_HAL_Driver/Src/stm32f0xx_hal_rcc.o
                0x08003804                HAL_RCC_GetPCLK1Freq
 .text.HAL_RCCEx_PeriphCLKConfig
                0x08003830      0x1bc ./Drivers/STM32F0xx_HAL_Driver/Src/stm32f0xx_hal_rcc_ex.o
                0x08003830                HAL_RCCEx_PeriphCLKConfig
 .text.HAL_UART_Init
                0x080039ec       0xa8 ./Drivers/STM32F0xx_HAL_Driver/Src/stm32f0xx_hal_uart.o
                0x080039ec                HAL_UART_Init
 .text.HAL_UART_Transmit
                0x08003a94      0x13e ./Drivers/STM32F0xx_HAL_Driver/Src/stm32f0xx_hal_uart.o
                0x08003a94                HAL_UART_Transmit
 .text.HAL_UART_Receive_IT
                0x08003bd2       0xae ./Drivers/STM32F0xx_HAL_Driver/Src/stm32f0xx_hal_uart.o
                0x08003bd2                HAL_UART_Receive_IT
 .text.HAL_UART_IRQHandler
                0x08003c80      0x5c0 ./Drivers/STM32F0xx_HAL_Driver/Src/stm32f0xx_hal_uart.o
                0x08003c80                HAL_UART_IRQHandler
 .text.HAL_UART_TxCpltCallback
                0x08004240       0x10 ./Drivers/STM32F0xx_HAL_Driver/Src/stm32f0xx_hal_uart.o
                0x08004240                HAL_UART_TxCpltCallback
 .text.HAL_UART_ErrorCallback
                0x08004250       0x10 ./Drivers/STM32F0xx_HAL_Driver/Src/stm32f0xx_hal_uart.o
                0x08004250                HAL_UART_ErrorCallback
 .text.HAL_UARTEx_RxEventCallback
                0x08004260       0x16 ./Drivers/STM32F0xx_HAL_Driver/Src/stm32f0xx_hal_uart.o
                0x08004260                HAL_UARTEx_RxEventCallback
 *fill*         0x08004276        0x2 
 .text.UART_SetConfig
                0x08004278      0x280 ./Drivers/STM32F0xx_HAL_Driver/Src/stm32f0xx_hal_uart.o
                0x08004278                UART_SetConfig
 .text.UART_AdvFeatureConfig
                0x080044f8      0x168 ./Drivers/STM32F0xx_HAL_Driver/Src/stm32f0xx_hal_uart.o
                0x080044f8                UART_AdvFeatureConfig
 .text.UART_CheckIdleState
                0x08004660      0x150 ./Drivers/STM32F0xx_HAL_Driver/Src/stm32f0xx_hal_uart.o
                0x08004660                UART_CheckIdleState
 .text.UART_WaitOnFlagUntilTimeout
                0x080047b0       0xde ./Drivers/STM32F0xx_HAL_Driver/Src/stm32f0xx_hal_uart.o
                0x080047b0                UART_WaitOnFlagUntilTimeout
 *fill*         0x0800488e        0x2 
 .text.UART_Start_Receive_IT
                0x08004890      0x16c ./Drivers/STM32F0xx_HAL_Driver/Src/stm32f0xx_hal_uart.o
                0x08004890                UART_Start_Receive_IT
 .text.UART_EndRxTransfer
                0x080049fc       0xc8 ./Drivers/STM32F0xx_HAL_Driver/Src/stm32f0xx_hal_uart.o
 .text.UART_DMAAbortOnError
                0x08004ac4       0x2e ./Drivers/STM32F0xx_HAL_Driver/Src/stm32f0xx_hal_uart.o
 .text.UART_EndTransmit_IT
                0x08004af2       0x56 ./Drivers/STM32F0xx_HAL_Driver/Src/stm32f0xx_hal_uart.o
 .text.UART_RxISR_8BIT
                0x08004b48      0x1b8 ./Drivers/STM32F0xx_HAL_Driver/Src/stm32f0xx_hal_uart.o
 .text.UART_RxISR_16BIT
                0x08004d00      0x1b8 ./Drivers/STM32F0xx_HAL_Driver/Src/stm32f0xx_hal_uart.o
 .text.HAL_UARTEx_WakeupCallback
                0x08004eb8       0x10 ./Drivers/STM32F0xx_HAL_Driver/Src/stm32f0xx_hal_uart_ex.o
                0x08004eb8                HAL_UARTEx_WakeupCallback
 .text.srand    0x08004ec8       0x60 C:/ST/STM32CubeIDE_2.0.0/STM32CubeIDE/plugins/com.st.stm32cube.ide.mcu.externaltools.gnu-tools-for-stm32.13.3.rel1.win32_1.0.100.202509120712/tools/bin/../lib/gcc/arm-none-eabi/13.3.1/../../../../arm-none-eabi/lib/thumb/v6-m/nofp\libc_nano.a(libc_a-rand.o)
                0x08004ec8                srand
 .text.rand     0x08004f28       0x7c C:/ST/STM32CubeIDE_2.0.0/STM32CubeIDE/plugins/com.st.stm32cube.ide.mcu.externaltools.gnu-tools-for-stm32.13.3.rel1.win32_1.0.100.202509120712/tools/bin/../lib/gcc/arm-none-eabi/13.3.1/../../../../arm-none-eabi/lib/thumb/v6-m/nofp\libc_nano.a(libc_a-rand.o)
                0x08004f28                rand
 .text.std      0x08004fa4       0x6c C:/ST/STM32CubeIDE_2.0.0/STM32CubeIDE/plugins/com.st.stm32cube.ide.mcu.externaltools.gnu-tools-for-stm32.13.3.rel1.win32_1.0.100.202509120712/tools/bin/../lib/gcc/arm-none-eabi/13.3.1/../../../../arm-none-eabi/lib/thumb/v6-m/nofp\libc_nano.a(libc_a-findfp.o)
 .text.stdio_exit_handler
                0x08005010       0x1c C:/ST/STM32CubeIDE_2.0.0/STM32CubeIDE/plugins/com.st.stm32cube.ide.mcu.externaltools.gnu-tools-for-stm32.13.3.rel1.win32_1.0.100.202509120712/tools/bin/../lib/gcc/arm-none-eabi/13.3.1/../../../../arm-none-eabi/lib/thumb/v6-m/nofp\libc_nano.a(libc_a-findfp.o)
 .text.cleanup_stdio
                0x0800502c       0x3c C:/ST/STM32CubeIDE_2.0.0/STM32CubeIDE/plugins/com.st.stm32cube.ide.mcu.externaltools.gnu-tools-for-stm32.13.3.rel1.win32_1.0.100.202509120712/tools/bin/../lib/gcc/arm-none-eabi/13.3.1/../../../../arm-none-eabi/lib/thumb/v6-m/nofp\libc_nano.a(libc_a-findfp.o)
 .text.global_stdio_init.part.0
                0x08005068       0x3c C:/ST/STM32CubeIDE_2.0.0/STM32CubeIDE/plugins/com.st.stm32cube.ide.mcu.externaltools.gnu-tools-for-stm32.13.3.rel1.win32_1.0.100.202509120712/tools/bin/../lib/gcc/arm-none-eabi/13.3.1/../../../../arm-none-eabi/lib/thumb/v6-m/nofp\libc_nano.a(libc_a-findfp.o)
 .text.__sfp_lock_acquire
                0x080050a4       0x10 C:/ST/STM32CubeIDE_2.0.0/STM32CubeIDE/plugins/com.st.stm32cube.ide.mcu.externaltools.gnu-tools-for-stm32.13.3.rel1.win32_1.0.100.202509120712/tools/bin/../lib/gcc/arm-none-eabi/13.3.1/../../../../arm-none-eabi/lib/thumb/v6-m/nofp\libc_nano.a(libc_a-findfp.o)
                0x080050a4                __sfp_lock_acquire
 .text.__sfp_lock_release
                0x080050b4       0x10 C:/ST/STM32CubeIDE_2.0.0/STM32CubeIDE/plugins/com.st.stm32cube.ide.mcu.externaltools.gnu-tools-for-stm32.13.3.rel1.win32_1.0.100.202509120712/tools/bin/../lib/gcc/arm-none-eabi/13.3.1/../../../../arm-none-eabi/lib/thumb/v6-m/nofp\libc_nano.a(libc_a-findfp.o)
                0x080050b4                __sfp_lock_release
 .text.__sinit  0x080050c4       0x30 C:/ST/STM32CubeIDE_2.0.0/STM32CubeIDE/plugins/com.st.stm32cube.ide.mcu.externaltools.gnu-tools-for-stm32.13.3.rel1.win32_1.0.100.202509120712/tools/bin/../lib/gcc/arm-none-eabi/13.3.1/../../../../arm-none-eabi/lib/thumb/v6-m/nofp\libc_nano.a(libc_a-findfp.o)
                0x080050c4                __sinit
 .text._fwalk_sglue
                0x080050f4       0x38 C:/ST/STM32CubeIDE_2.0.0/STM32CubeIDE/plugins/com.st.stm32cube.ide.mcu.externaltools.gnu-tools-for-stm32.13.3.rel1.win32_1.0.100.202509120712/tools/bin/../lib/gcc/arm-none-eabi/13.3.1/../../../../arm-none-eabi/lib/thumb/v6-m/nofp\libc_nano.a(libc_a-fwalk.o)
                0x080050f4                _fwalk_sglue
 .text.__sread  0x0800512c       0x28 C:/ST/STM32CubeIDE_2.0.0/STM32CubeIDE/plugins/com.st.stm32cube.ide.mcu.externaltools.gnu-tools-for-stm32.13.3.rel1.win32_1.0.100.202509120712/tools/bin/../lib/gcc/arm-none-eabi/13.3.1/../../../../arm-none-eabi/lib/thumb/v6-m/nofp\libc_nano.a(libc_a-stdio.o)
                0x0800512c                __sread
 .text.__swrite
                0x08005154       0x38 C:/ST/STM32CubeIDE_2.0.0/STM32CubeIDE/plugins/com.st.stm32cube.ide.mcu.externaltools.gnu-tools-for-stm32.13.3.rel1.win32_1.0.100.202509120712/tools/bin/../lib/gcc/arm-none-eabi/13.3.1/../../../../arm-none-eabi/lib/thumb/v6-m/nofp\libc_nano.a(libc_a-stdio.o)
                0x08005154                __swrite
 .text.__sseek  0x0800518c       0x2c C:/ST/STM32CubeIDE_2.0.0/STM32CubeIDE/plugins/com.st.stm32cube.ide.mcu.externaltools.gnu-tools-for-stm32.13.3.rel1.win32_1.0.100.202509120712/tools/bin/../lib/gcc/arm-none-eabi/13.3.1/../../../../arm-none-eabi/lib/thumb/v6-m/nofp\libc_nano.a(libc_a-stdio.o)
                0x0800518c                __sseek
 .text.__sclose
                0x080051b8        0xc C:/ST/STM32CubeIDE_2.0.0/STM32CubeIDE/plugins/com.st.stm32cube.ide.mcu.externaltools.gnu-tools-for-stm32.13.3.rel1.win32_1.0.100.202509120712/tools/bin/../lib/gcc/arm-none-eabi/13.3.1/../../../../arm-none-eabi/lib/thumb/v6-m/nofp\libc_nano.a(libc_a-stdio.o)
                0x080051b8                __sclose
 .text.memset   0x080051c4       0x10 C:/ST/STM32CubeIDE_2.0.0/STM32CubeIDE/plugins/com.st.stm32cube.ide.mcu.externaltools.gnu-tools-for-stm32.13.3.rel1.win32_1.0.100.202509120712/tools/bin/../lib/gcc/arm-none-eabi/13.3.1/../../../../arm-none-eabi/lib/thumb/v6-m/nofp\libc_nano.a(libc_a-memset.o)
                0x080051c4                memset
 .text._close_r
                0x080051d4       0x24 C:/ST/STM32CubeIDE_2.0.0/STM32CubeIDE/plugins/com.st.stm32cube.ide.mcu.externaltools.gnu-tools-for-stm32.13.3.rel1.win32_1.0.100.202509120712/tools/bin/../lib/gcc/arm-none-eabi/13.3.1/../../../../arm-none-eabi/lib/thumb/v6-m/nofp\libc_nano.a(libc_a-closer.o)
                0x080051d4                _close_r
 .text._lseek_r
                0x080051f8       0x28 C:/ST/STM32CubeIDE_2.0.0/STM32CubeIDE/plugins/com.st.stm32cube.ide.mcu.externaltools.gnu-tools-for-stm32.13.3.rel1.win32_1.0.100.202509120712/tools/bin/../lib/gcc/arm-none-eabi/13.3.1/../../../../arm-none-eabi/lib/thumb/v6-m/nofp\libc_nano.a(libc_a-lseekr.o)
                0x080051f8                _lseek_r
 .text._read_r  0x08005220       0x28 C:/ST/STM32CubeIDE_2.0.0/STM32CubeIDE/plugins/com.st.stm32cube.ide.mcu.externaltools.gnu-tools-for-stm32.13.3.rel1.win32_1.0.100.202509120712/tools/bin/../lib/gcc/arm-none-eabi/13.3.1/../../../../arm-none-eabi/lib/thumb/v6-m/nofp\libc_nano.a(libc_a-readr.o)
                0x08005220                _read_r
 .text._write_r
                0x08005248       0x28 C:/ST/STM32CubeIDE_2.0.0/STM32CubeIDE/plugins/com.st.stm32cube.ide.mcu.externaltools.gnu-tools-for-stm32.13.3.rel1.win32_1.0.100.202509120712/tools/bin/../lib/gcc/arm-none-eabi/13.3.1/../../../../arm-none-eabi/lib/thumb/v6-m/nofp\libc_nano.a(libc_a-writer.o)
                0x08005248                _write_r
 .text.__errno  0x08005270        0xc C:/ST/STM32CubeIDE_2.0.0/STM32CubeIDE/plugins/com.st.stm32cube.ide.mcu.externaltools.gnu-tools-for-stm32.13.3.rel1.win32_1.0.100.202509120712/tools/bin/../lib/gcc/arm-none-eabi/13.3.1/../../../../arm-none-eabi/lib/thumb/v6-m/nofp\libc_nano.a(libc_a-errno.o)
                0x08005270                __errno
 .text.__libc_init_array
                0x0800527c       0x48 C:/ST/STM32CubeIDE_2.0.0/STM32CubeIDE/plugins/com.st.stm32cube.ide.mcu.externaltools.gnu-tools-for-stm32.13.3.rel1.win32_1.0.100.202509120712/tools/bin/../lib/gcc/arm-none-eabi/13.3.1/../../../../arm-none-eabi/lib/thumb/v6-m/nofp\libc_nano.a(libc_a-init.o)
                0x0800527c                __libc_init_array
 .text.__retarget_lock_init_recursive
                0x080052c4        0x2 C:/ST/STM32CubeIDE_2.0.0/STM32CubeIDE/plugins/com.st.stm32cube.ide.mcu.externaltools.gnu-tools-for-stm32.13.3.rel1.win32_1.0.100.202509120712/tools/bin/../lib/gcc/arm-none-eabi/13.3.1/../../../../arm-none-eabi/lib/thumb/v6-m/nofp\libc_nano.a(libc_a-lock.o)
                0x080052c4                __retarget_lock_init_recursive
 .text.__retarget_lock_acquire_recursive
                0x080052c6        0x2 C:/ST/STM32CubeIDE_2.0.0/STM32CubeIDE/plugins/com.st.stm32cube.ide.mcu.externaltools.gnu-tools-for-stm32.13.3.rel1.win32_1.0.100.202509120712/tools/bin/../lib/gcc/arm-none-eabi/13.3.1/../../../../arm-none-eabi/lib/thumb/v6-m/nofp\libc_nano.a(libc_a-lock.o)
                0x080052c6                __retarget_lock_acquire_recursive
 .text.__retarget_lock_release_recursive
                0x080052c8        0x2 C:/ST/STM32CubeIDE_2.0.0/STM32CubeIDE/plugins/com.st.stm32cube.ide.mcu.externaltools.gnu-tools-for-stm32.13.3.rel1.win32_1.0.100.202509120712/tools/bin/../lib/gcc/arm-none-eabi/13.3.1/../../../../arm-none-eabi/lib/thumb/v6-m/nofp\libc_nano.a(libc_a-lock.o)
                0x080052c8                __retarget_lock_release_recursive
 *fill*         0x080052ca        0x2 
 .text.__assert_func
                0x080052cc       0x3c C:/ST/STM32CubeIDE_2.0.0/STM32CubeIDE/plugins/com.st.stm32cube.ide.mcu.externaltools.gnu-tools-for-stm32.13.3.rel1.win32_1.0.100.202509120712/tools/bin/../lib/gcc/arm-none-eabi/13.3.1/../../../../arm-none-eabi/lib/thumb/v6-m/nofp\libc_nano.a(libc_a-assert.o)
                0x080052cc                __assert_func
 .text._free_r  0x08005308       0x94 C:/ST/STM32CubeIDE_2.0.0/STM32CubeIDE/plugins/com.st.stm32cube.ide.mcu.externaltools.gnu-tools-for-stm32.13.3.rel1.win32_1.0.100.202509120712/tools/bin/../lib/gcc/arm-none-eabi/13.3.1/../../../../arm-none-eabi/lib/thumb/v6-m/nofp\libc_nano.a(libc_a-freer.o)
                0x08005308                _free_r
 .text.malloc   0x0800539c       0x14 C:/ST/STM32CubeIDE_2.0.0/STM32CubeIDE/plugins/com.st.stm32cube.ide.mcu.externaltools.gnu-tools-for-stm32.13.3.rel1.win32_1.0.100.202509120712/tools/bin/../lib/gcc/arm-none-eabi/13.3.1/../../../../arm-none-eabi/lib/thumb/v6-m/nofp\libc_nano.a(libc_a-malloc.o)
                0x0800539c                malloc
 .text.sbrk_aligned
                0x080053b0       0x44 C:/ST/STM32CubeIDE_2.0.0/STM32CubeIDE/plugins/com.st.stm32cube.ide.mcu.externaltools.gnu-tools-for-stm32.13.3.rel1.win32_1.0.100.202509120712/tools/bin/../lib/gcc/arm-none-eabi/13.3.1/../../../../arm-none-eabi/lib/thumb/v6-m/nofp\libc_nano.a(libc_a-mallocr.o)
 .text._malloc_r
                0x080053f4      0x100 C:/ST/STM32CubeIDE_2.0.0/STM32CubeIDE/plugins/com.st.stm32cube.ide.mcu.externaltools.gnu-tools-for-stm32.13.3.rel1.win32_1.0.100.202509120712/tools/bin/../lib/gcc/arm-none-eabi/13.3.1/../../../../arm-none-eabi/lib/thumb/v6-m/nofp\libc_nano.a(libc_a-mallocr.o)
                0x080053f4                _malloc_r
 .text.__malloc_lock
                0x080054f4       0x10 C:/ST/STM32CubeIDE_2.0.0/STM32CubeIDE/plugins/com.st.stm32cube.ide.mcu.externaltools.gnu-tools-for-stm32.13.3.rel1.win32_1.0.100.202509120712/tools/bin/../lib/gcc/arm-none-eabi/13.3.1/../../../../arm-none-eabi/lib/thumb/v6-m/nofp\libc_nano.a(libc_a-mlock.o)
                0x080054f4                __malloc_lock
 .text.__malloc_unlock
                0x08005504       0x10 C:/ST/STM32CubeIDE_2.0.0/STM32CubeIDE/plugins/com.st.stm32cube.ide.mcu.externaltools.gnu-tools-for-stm32.13.3.rel1.win32_1.0.100.202509120712/tools/bin/../lib/gcc/arm-none-eabi/13.3.1/../../../../arm-none-eabi/lib/thumb/v6-m/nofp\libc_nano.a(libc_a-mlock.o)
                0x08005504                __malloc_unlock
 .text.__sflush_r
                0x08005514      0x10c C:/ST/STM32CubeIDE_2.0.0/STM32CubeIDE/plugins/com.st.stm32cube.ide.mcu.externaltools.gnu-tools-for-stm32.13.3.rel1.win32_1.0.100.202509120712/tools/bin/../lib/gcc/arm-none-eabi/13.3.1/../../../../arm-none-eabi/lib/thumb/v6-m/nofp\libc_nano.a(libc_a-fflush.o)
                0x08005514                __sflush_r
 .text._fflush_r
                0x08005620       0x56 C:/ST/STM32CubeIDE_2.0.0/STM32CubeIDE/plugins/com.st.stm32cube.ide.mcu.externaltools.gnu-tools-for-stm32.13.3.rel1.win32_1.0.100.202509120712/tools/bin/../lib/gcc/arm-none-eabi/13.3.1/../../../../arm-none-eabi/lib/thumb/v6-m/nofp\libc_nano.a(libc_a-fflush.o)
                0x08005620                _fflush_r
 *fill*         0x08005676        0x2 
 .text.fprintf  0x08005678       0x20 C:/ST/STM32CubeIDE_2.0.0/STM32CubeIDE/plugins/com.st.stm32cube.ide.mcu.externaltools.gnu-tools-for-stm32.13.3.rel1.win32_1.0.100.202509120712/tools/bin/../lib/gcc/arm-none-eabi/13.3.1/../../../../arm-none-eabi/lib/thumb/v6-m/nofp\libc_nano.a(libc_a-fprintf.o)
                0x08005678                fiprintf
                0x08005678                fprintf
 .text._sbrk_r  0x08005698       0x24 C:/ST/STM32CubeIDE_2.0.0/STM32CubeIDE/plugins/com.st.stm32cube.ide.mcu.externaltools.gnu-tools-for-stm32.13.3.rel1.win32_1.0.100.202509120712/tools/bin/../lib/gcc/arm-none-eabi/13.3.1/../../../../arm-none-eabi/lib/thumb/v6-m/nofp\libc_nano.a(libc_a-sbrkr.o)
                0x08005698                _sbrk_r
 .text.abort    0x080056bc        0xe C:/ST/STM32CubeIDE_2.0.0/STM32CubeIDE/plugins/com.st.stm32cube.ide.mcu.externaltools.gnu-tools-for-stm32.13.3.rel1.win32_1.0.100.202509120712/tools/bin/../lib/gcc/arm-none-eabi/13.3.1/../../../../arm-none-eabi/lib/thumb/v6-m/nofp\libc_nano.a(libc_a-abort.o)
                0x080056bc                abort
 .text.__sfputc_r
                0x080056ca       0x2a C:/ST/STM32CubeIDE_2.0.0/STM32CubeIDE/plugins/com.st.stm32cube.ide.mcu.externaltools.gnu-tools-for-stm32.13.3.rel1.win32_1.0.100.202509120712/tools/bin/../lib/gcc/arm-none-eabi/13.3.1/../../../../arm-none-eabi/lib/thumb/v6-m/nofp\libc_nano.a(libc_a-nano-vfprintf.o)
 .text.__sfputs_r
                0x080056f4       0x24 C:/ST/STM32CubeIDE_2.0.0/STM32CubeIDE/plugins/com.st.stm32cube.ide.mcu.externaltools.gnu-tools-for-stm32.13.3.rel1.win32_1.0.100.202509120712/tools/bin/../lib/gcc/arm-none-eabi/13.3.1/../../../../arm-none-eabi/lib/thumb/v6-m/nofp\libc_nano.a(libc_a-nano-vfprintf.o)
                0x080056f4                __sfputs_r
 .text._vfprintf_r
                0x08005718      0x238 C:/ST/STM32CubeIDE_2.0.0/STM32CubeIDE/plugins/com.st.stm32cube.ide.mcu.externaltools.gnu-tools-for-stm32.13.3.rel1.win32_1.0.100.202509120712/tools/bin/../lib/gcc/arm-none-eabi/13.3.1/../../../../arm-none-eabi/lib/thumb/v6-m/nofp\libc_nano.a(libc_a-nano-vfprintf.o)
                0x08005718                _vfprintf_r
                0x08005718                _vfiprintf_r
 .text._printf_common
                0x08005950       0xde C:/ST/STM32CubeIDE_2.0.0/STM32CubeIDE/plugins/com.st.stm32cube.ide.mcu.externaltools.gnu-tools-for-stm32.13.3.rel1.win32_1.0.100.202509120712/tools/bin/../lib/gcc/arm-none-eabi/13.3.1/../../../../arm-none-eabi/lib/thumb/v6-m/nofp\libc_nano.a(libc_a-nano-vfprintf_i.o)
                0x08005950                _printf_common
 *fill*         0x08005a2e        0x2 
 .text._printf_i
                0x08005a30      0x218 C:/ST/STM32CubeIDE_2.0.0/STM32CubeIDE/plugins/com.st.stm32cube.ide.mcu.externaltools.gnu-tools-for-stm32.13.3.rel1.win32_1.0.100.202509120712/tools/bin/../lib/gcc/arm-none-eabi/13.3.1/../../../../arm-none-eabi/lib/thumb/v6-m/nofp\libc_nano.a(libc_a-nano-vfprintf_i.o)
                0x08005a30                _printf_i
 .text.__swbuf_r
                0x08005c48       0x84 C:/ST/STM32CubeIDE_2.0.0/STM32CubeIDE/plugins/com.st.stm32cube.ide.mcu.externaltools.gnu-tools-for-stm32.13.3.rel1.win32_1.0.100.202509120712/tools/bin/../lib/gcc/arm-none-eabi/13.3.1/../../../../arm-none-eabi/lib/thumb/v6-m/nofp\libc_nano.a(libc_a-wbuf.o)
                0x08005c48                __swbuf_r
 .text.__swsetup_r
                0x08005ccc       0xbc C:/ST/STM32CubeIDE_2.0.0/STM32CubeIDE/plugins/com.st.stm32cube.ide.mcu.externaltools.gnu-tools-for-stm32.13.3.rel1.win32_1.0.100.202509120712/tools/bin/../lib/gcc/arm-none-eabi/13.3.1/../../../../arm-none-eabi/lib/thumb/v6-m/nofp\libc_nano.a(libc_a-wsetup.o)
                0x08005ccc                __swsetup_r
 .text._raise_r
                0x08005d88       0x52 C:/ST/STM32CubeIDE_2.0.0/STM32CubeIDE/plugins/com.st.stm32cube.ide.mcu.externaltools.gnu-tools-for-stm32.13.3.rel1.win32_1.0.100.202509120712/tools/bin/../lib/gcc/arm-none-eabi/13.3.1/../../../../arm-none-eabi/lib/thumb/v6-m/nofp\libc_nano.a(libc_a-signal.o)
                0x08005d88                _raise_r
 *fill*         0x08005dda        0x2 
 .text.raise    0x08005ddc       0x14 C:/ST/STM32CubeIDE_2.0.0/STM32CubeIDE/plugins/com.st.stm32cube.ide.mcu.externaltools.gnu-tools-for-stm32.13.3.rel1.win32_1.0.100.202509120712/tools/bin/../lib/gcc/arm-none-eabi/13.3.1/../../../../arm-none-eabi/lib/thumb/v6-m/nofp\libc_nano.a(libc_a-signal.o)
                0x08005ddc                raise
 .text._kill_r  0x08005df0       0x24 C:/ST/STM32CubeIDE_2.0.0/STM32CubeIDE/plugins/com.st.stm32cube.ide.mcu.externaltools.gnu-tools-for-stm32.13.3.rel1.win32_1.0.100.202509120712/tools/bin/../lib/gcc/arm-none-eabi/13.3.1/../../../../arm-none-eabi/lib/thumb/v6-m/nofp\libc_nano.a(libc_a-signalr.o)
                0x08005df0                _kill_r
 .text._getpid_r
                0x08005e14        0x8 C:/ST/STM32CubeIDE_2.0.0/STM32CubeIDE/plugins/com.st.stm32cube.ide.mcu.externaltools.gnu-tools-for-stm32.13.3.rel1.win32_1.0.100.202509120712/tools/bin/../lib/gcc/arm-none-eabi/13.3.1/../../../../arm-none-eabi/lib/thumb/v6-m/nofp\libc_nano.a(libc_a-signalr.o)
                0x08005e14                _getpid_r
 .text.memchr   0x08005e1c       0x16 C:/ST/STM32CubeIDE_2.0.0/STM32CubeIDE/plugins/com.st.stm32cube.ide.mcu.externaltools.gnu-tools-for-stm32.13.3.rel1.win32_1.0.100.202509120712/tools/bin/../lib/gcc/arm-none-eabi/13.3.1/../../../../arm-none-eabi/lib/thumb/v6-m/nofp\libc_nano.a(libc_a-memchr-stub.o)
                0x08005e1c                memchr
 *fill*         0x08005e32        0x2 
 .text.__swhatbuf_r
                0x08005e34       0x54 C:/ST/STM32CubeIDE_2.0.0/STM32CubeIDE/plugins/com.st.stm32cube.ide.mcu.externaltools.gnu-tools-for-stm32.13.3.rel1.win32_1.0.100.202509120712/tools/bin/../lib/gcc/arm-none-eabi/13.3.1/../../../../arm-none-eabi/lib/thumb/v6-m/nofp\libc_nano.a(libc_a-makebuf.o)
                0x08005e34                __swhatbuf_r
 .text.__smakebuf_r
                0x08005e88       0x82 C:/ST/STM32CubeIDE_2.0.0/STM32CubeIDE/plugins/com.st.stm32cube.ide.mcu.externaltools.gnu-tools-for-stm32.13.3.rel1.win32_1.0.100.202509120712/tools/bin/../lib/gcc/arm-none-eabi/13.3.1/../../../../arm-none-eabi/lib/thumb/v6-m/nofp\libc_nano.a(libc_a-makebuf.o)
                0x08005e88                __smakebuf_r
 *fill*         0x08005f0a        0x2 
 .text._fstat_r
                0x08005f0c       0x24 C:/ST/STM32CubeIDE_2.0.0/STM32CubeIDE/plugins/com.st.stm32cube.ide.mcu.externaltools.gnu-tools-for-stm32.13.3.rel1.win32_1.0.100.202509120712/tools/bin/../lib/gcc/arm-none-eabi/13.3.1/../../../../arm-none-eabi/lib/thumb/v6-m/nofp\libc_nano.a(libc_a-fstatr.o)
                0x08005f0c                _fstat_r
 .text._isatty_r
                0x08005f30       0x24 C:/ST/STM32CubeIDE_2.0.0/STM32CubeIDE/plugins/com.st.stm32cube.ide.mcu.externaltools.gnu-tools-for-stm32.13.3.rel1.win32_1.0.100.202509120712/tools/bin/../lib/gcc/arm-none-eabi/13.3.1/../../../../arm-none-eabi/lib/thumb/v6-m/nofp\libc_nano.a(libc_a-isattyr.o)
                0x08005f30                _isatty_r
 *(.glue_7)
 .glue_7        0x08005f54        0x0 linker stubs
 *(.glue_7t)
 .glue_7t       0x08005f54        0x0 linker stubs
 *(.eh_frame)
 .eh_frame      0x08005f54        0x0 C:/ST/STM32CubeIDE_2.0.0/STM32CubeIDE/plugins/com.st.stm32cube.ide.mcu.externaltools.gnu-tools-for-stm32.13.3.rel1.win32_1.0.100.202509120712/tools/bin/../lib/gcc/arm-none-eabi/13.3.1/thumb/v6-m/nofp/crtbegin.o
 *(.init)
 .init          0x08005f54        0x4 C:/ST/STM32CubeIDE_2.0.0/STM32CubeIDE/plugins/com.st.stm32cube.ide.mcu.externaltools.gnu-tools-for-stm32.13.3.rel1.win32_1.0.100.202509120712/tools/bin/../lib/gcc/arm-none-eabi/13.3.1/thumb/v6-m/nofp/crti.o
                0x08005f54                _init
 .init          0x08005f58        0x8 C:/ST/STM32CubeIDE_2.0.0/STM32CubeIDE/plugins/com.st.stm32cube.ide.mcu.externaltools.gnu-tools-for-stm32.13.3.rel1.win32_1.0.100.202509120712/tools/bin/../lib/gcc/arm-none-eabi/13.3.1/thumb/v6-m/nofp/crtn.o
 *(.fini)
 .fini          0x08005f60        0x4 C:/ST/STM32CubeIDE_2.0.0/STM32CubeIDE/plugins/com.st.stm32cube.ide.mcu.externaltools.gnu-tools-for-stm32.13.3.rel1.win32_1.0.100.202509120712/tools/bin/../lib/gcc/arm-none-eabi/13.3.1/thumb/v6-m/nofp/crti.o
                0x08005f60                _fini
 .fini          0x08005f64        0x8 C:/ST/STM32CubeIDE_2.0.0/STM32CubeIDE/plugins/com.st.stm32cube.ide.mcu.externaltools.gnu-tools-for-stm32.13.3.rel1.win32_1.0.100.202509120712/tools/bin/../lib/gcc/arm-none-eabi/13.3.1/thumb/v6-m/nofp/crtn.o
                0x08005f6c                        . = ALIGN (0x4)
                0x08005f6c                        _etext = .

.vfp11_veneer   0x08005f6c        0x0
 .vfp11_veneer  0x08005f6c        0x0 linker stubs

.v4_bx          0x08005f6c        0x0
 .v4_bx         0x08005f6c        0x0 linker stubs

.iplt           0x08005f6c        0x0
 .iplt          0x08005f6c        0x0 C:/ST/STM32CubeIDE_2.0.0/STM32CubeIDE/plugins/com.st.stm32cube.ide.mcu.externaltools.gnu-tools-for-stm32.13.3.rel1.win32_1.0.100.202509120712/tools/bin/../lib/gcc/arm-none-eabi/13.3.1/thumb/v6-m/nofp/crtbegin.o

.rodata         0x08005f6c      0x204
                0x08005f6c                        . = ALIGN (0x4)
 *(.rodata)
 *(.rodata*)
 .rodata.handle_short_press
                0x08005f6c       0x14 ./Core/Src/button.o
 .rodata.scenario_1
                0x08005f80       0x78 ./Core/Src/debug.o
 .rodata.Setup_Level
                0x08005ff8       0x18 ./Core/Src/game_engine.o
 .rodata.pattern_table
                0x08006010       0x46 ./Core/Src/led.o
 *fill*         0x08006056        0x2 
 .rodata.AHBPrescTable
                0x08006058       0x10 ./Core/Src/system_stm32f0xx.o
                0x08006058                AHBPrescTable
 .rodata.APBPrescTable
                0x08006068        0x8 ./Core/Src/system_stm32f0xx.o
                0x08006068                APBPrescTable
 .rodata.aPLLMULFactorTable.1
                0x08006070       0x10 ./Drivers/STM32F0xx_HAL_Driver/Src/stm32f0xx_hal_rcc.o
 .rodata.aPredivFactorTable.0
                0x08006080       0x10 ./Drivers/STM32F0xx_HAL_Driver/Src/stm32f0xx_hal_rcc.o
 .rodata.srand.str1.1
                0x08006090       0xde C:/ST/STM32CubeIDE_2.0.0/STM32CubeIDE/plugins/com.st.stm32cube.ide.mcu.externaltools.gnu-tools-for-stm32.13.3.rel1.win32_1.0.100.202509120712/tools/bin/../lib/gcc/arm-none-eabi/13.3.1/../../../../arm-none-eabi/lib/thumb/v6-m/nofp\libc_nano.a(libc_a-rand.o)
                                 0x6f (size before relaxing)
 .rodata.__assert_func.str1.1
                0x0800616e        0x0 C:/ST/STM32CubeIDE_2.0.0/STM32CubeIDE/plugins/com.st.stm32cube.ide.mcu.externaltools.gnu-tools-for-stm32.13.3.rel1.win32_1.0.100.202509120712/tools/bin/../lib/gcc/arm-none-eabi/13.3.1/../../../../arm-none-eabi/lib/thumb/v6-m/nofp\libc_nano.a(libc_a-assert.o)
                                 0x3d (size before relaxing)
 .rodata._vfprintf_r.str1.1
                0x0800616e        0x0 C:/ST/STM32CubeIDE_2.0.0/STM32CubeIDE/plugins/com.st.stm32cube.ide.mcu.externaltools.gnu-tools-for-stm32.13.3.rel1.win32_1.0.100.202509120712/tools/bin/../lib/gcc/arm-none-eabi/13.3.1/../../../../arm-none-eabi/lib/thumb/v6-m/nofp\libc_nano.a(libc_a-nano-vfprintf.o)
                                 0x11 (size before relaxing)
 .rodata._printf_i.str1.1
                0x0800616e        0x0 C:/ST/STM32CubeIDE_2.0.0/STM32CubeIDE/plugins/com.st.stm32cube.ide.mcu.externaltools.gnu-tools-for-stm32.13.3.rel1.win32_1.0.100.202509120712/tools/bin/../lib/gcc/arm-none-eabi/13.3.1/../../../../arm-none-eabi/lib/thumb/v6-m/nofp\libc_nano.a(libc_a-nano-vfprintf_i.o)
                                 0x22 (size before relaxing)
                0x08006170                        . = ALIGN (0x4)
 *fill*         0x0800616e        0x2 

.ARM.extab      0x08006170        0x0
                0x08006170                        . = ALIGN (0x4)
 *(.ARM.extab* .gnu.linkonce.armextab.*)
                0x08006170                        . = ALIGN (0x4)

.ARM            0x08006170        0x0
                0x08006170                        . = ALIGN (0x4)
                0x08006170                        __exidx_start = .
 *(.ARM.exidx*)
                0x08006170                        __exidx_end = .
                0x08006170                        . = ALIGN (0x4)

.preinit_array  0x08006170        0x0
                0x08006170                        . = ALIGN (0x4)
                0x08006170                        PROVIDE (__preinit_array_start = .)
 *(.preinit_array*)
                0x08006170                        PROVIDE (__preinit_array_end = .)
                0x08006170                        . = ALIGN (0x4)

.init_array     0x08006170        0x4
                0x08006170                        . = ALIGN (0x4)
                0x08006170                        PROVIDE (__init_array_start = .)
 *(SORT_BY_NAME(.init_array.*))
 *(.init_array*)
 .init_array    0x08006170        0x4 C:/ST/STM32CubeIDE_2.0.0/STM32CubeIDE/plugins/com.st.stm32cube.ide.mcu.externaltools.gnu-tools-for-stm32.13.3.rel1.win32_1.0.100.202509120712/tools/bin/../lib/gcc/arm-none-eabi/13.3.1/thumb/v6-m/nofp/crtbegin.o
                0x08006174                        PROVIDE (__init_array_end = .)
                0x08006174                        . = ALIGN (0x4)

.fini_array     0x08006174        0x4
                0x08006174                        . = ALIGN (0x4)
                [!provide]                        PROVIDE (__fini_array_start = .)
 *(SORT_BY_NAME(.fini_array.*))
 *(.fini_array*)
 .fini_array    0x08006174        0x4 C:/ST/STM32CubeIDE_2.0.0/STM32CubeIDE/plugins/com.st.stm32cube.ide.mcu.externaltools.gnu-tools-for-stm32.13.3.rel1.win32_1.0.100.202509120712/tools/bin/../lib/gcc/arm-none-eabi/13.3.1/thumb/v6-m/nofp/crtbegin.o
                [!provide]                        PROVIDE (__fini_array_end = .)
                0x08006178                        . = ALIGN (0x4)
                0x08006178                        _sidata = LOADADDR (.data)

.rel.dyn        0x08006178        0x0
 .rel.iplt      0x08006178        0x0 C:/ST/STM32CubeIDE_2.0.0/STM32CubeIDE/plugins/com.st.stm32cube.ide.mcu.externaltools.gnu-tools-for-stm32.13.3.rel1.win32_1.0.100.202509120712/tools/bin/../lib/gcc/arm-none-eabi/13.3.1/thumb/v6-m/nofp/crtbegin.o

.data           0x20000000       0x74 load address 0x08006178
                0x20000000                        . = ALIGN (0x4)
                0x20000000                        _sdata = .
 *(.data)
 *(.data*)
 .data.current_scenario
                0x20000000        0x4 ./Core/Src/debug.o
 .data.scenario_len
                0x20000004        0x2 ./Core/Src/debug.o
 .data.curr_dir
                0x20000006        0x1 ./Core/Src/game_engine.o
 .data.next_dir
                0x20000007        0x1 ./Core/Src/game_engine.o
 .data.config_speed
                0x20000008        0x2 ./Core/Src/game_io.o
 .data.last_state.1
                0x2000000a        0x1 ./Core/Src/main.o
 .data.last_debug_mode.0
                0x2000000b        0x1 ./Core/Src/main.o
 .data.SystemCoreClock
                0x2000000c        0x4 ./Core/Src/system_stm32f0xx.o
                0x2000000c                SystemCoreClock
 .data.uwTickPrio
                0x20000010        0x4 ./Drivers/STM32F0xx_HAL_Driver/Src/stm32f0xx_hal.o
                0x20000010                uwTickPrio
 .data.uwTickFreq
                0x20000014        0x1 ./Drivers/STM32F0xx_HAL_Driver/Src/stm32f0xx_hal.o
                0x20000014                uwTickFreq
 *fill*         0x20000015        0x3 
 .data.__sglue  0x20000018        0xc C:/ST/STM32CubeIDE_2.0.0/STM32CubeIDE/plugins/com.st.stm32cube.ide.mcu.externaltools.gnu-tools-for-stm32.13.3.rel1.win32_1.0.100.202509120712/tools/bin/../lib/gcc/arm-none-eabi/13.3.1/../../../../arm-none-eabi/lib/thumb/v6-m/nofp\libc_nano.a(libc_a-findfp.o)
                0x20000018                __sglue
 .data._impure_ptr
                0x20000024        0x4 C:/ST/STM32CubeIDE_2.0.0/STM32CubeIDE/plugins/com.st.stm32cube.ide.mcu.externaltools.gnu-tools-for-stm32.13.3.rel1.win32_1.0.100.202509120712/tools/bin/../lib/gcc/arm-none-eabi/13.3.1/../../../../arm-none-eabi/lib/thumb/v6-m/nofp\libc_nano.a(libc_a-impure.o)
                0x20000024                _impure_ptr
 .data._impure_data
                0x20000028       0x4c C:/ST/STM32CubeIDE_2.0.0/STM32CubeIDE/plugins/com.st.stm32cube.ide.mcu.externaltools.gnu-tools-for-stm32.13.3.rel1.win32_1.0.100.202509120712/tools/bin/../lib/gcc/arm-none-eabi/13.3.1/../../../../arm-none-eabi/lib/thumb/v6-m/nofp\libc_nano.a(libc_a-impure.o)
                0x20000028                _impure_data
 *(.RamFunc)
 *(.RamFunc*)
                0x20000074                        . = ALIGN (0x4)
                0x20000074                        _edata = .

.igot.plt       0x20000074        0x0 load address 0x080061ec
 .igot.plt      0x20000074        0x0 C:/ST/STM32CubeIDE_2.0.0/STM32CubeIDE/plugins/com.st.stm32cube.ide.mcu.externaltools.gnu-tools-for-stm32.13.3.rel1.win32_1.0.100.202509120712/tools/bin/../lib/gcc/arm-none-eabi/13.3.1/thumb/v6-m/nofp/crtbegin.o
                0x20000074                        . = ALIGN (0x4)

.bss            0x20000074      0xd00 load address 0x080061ec
                0x20000074                        _sbss = .
                0x20000074                        __bss_start__ = _sbss
 *(.bss)
 .bss           0x20000074       0x1c C:/ST/STM32CubeIDE_2.0.0/STM32CubeIDE/plugins/com.st.stm32cube.ide.mcu.externaltools.gnu-tools-for-stm32.13.3.rel1.win32_1.0.100.202509120712/tools/bin/../lib/gcc/arm-none-eabi/13.3.1/thumb/v6-m/nofp/crtbegin.o
 *(.bss*)
 .bss.fsm_state
                0x20000090        0x1 ./Core/Src/button.o
 *fill*         0x20000091        0x3 
 .bss.press_tick
                0x20000094        0x4 ./Core/Src/button.o
 .bss.current_mode
                0x20000098        0x1 ./Core/Src/debug.o
 *fill*         0x20000099        0x1 
 .bss.scenario_index
                0x2000009a        0x2 ./Core/Src/debug.o
 .bss.last_scenario_time
                0x2000009c        0x4 ./Core/Src/debug.o
 .bss.last_random_time
                0x200000a0        0x4 ./Core/Src/debug.o
 .bss.last_error_time
                0x200000a4        0x4 ./Core/Src/debug.o
 .bss.snake     0x200000a8       0xc8 ./Core/Src/game_engine.o
 .bss.snake_len
                0x20000170        0x1 ./Core/Src/game_engine.o
 *fill*         0x20000171        0x3 
 .bss.food      0x20000174        0x2 ./Core/Src/game_engine.o
 .bss.score     0x20000176        0x2 ./Core/Src/game_engine.o
 .bss.walls_initialized
                0x20000178        0x1 ./Core/Src/game_engine.o
 *fill*         0x20000179        0x3 
 .bss.collision_map
                0x2000017c      0x9c4 ./Core/Src/game_engine.o
 .bss.config_wall_difficulty
                0x20000b40        0x1 ./Core/Src/game_io.o
 .bss.config_boundary_mode
                0x20000b41        0x1 ./Core/Src/game_io.o
 .bss.selected_level
                0x20000b42        0x1 ./Core/Src/game_io.o
 *fill*         0x20000b43        0x1 
 .bss.user_callback
                0x20000b44        0x4 ./Core/Src/game_io.o
 .bss.normal    0x20000b48        0x2 ./Core/Src/led.o
 *fill*         0x20000b4a        0x2 
 .bss.temp      0x20000b4c       0x18 ./Core/Src/led.o
 .bss.seq       0x20000b64        0x8 ./Core/Src/led.o
 .bss.huart1    0x20000b6c       0x88 ./Core/Src/main.o
                0x20000b6c                huart1
 .bss.rx_byte   0x20000bf4        0x1 ./Core/Src/main.o
                0x20000bf4                rx_byte
 .bss.current_state
                0x20000bf5        0x1 ./Core/Src/main.o
                0x20000bf5                current_state
 *fill*         0x20000bf6        0x2 
 .bss.last_command_tick
                0x20000bf8        0x4 ./Core/Src/main.o
                0x20000bf8                last_command_tick
 .bss.wakeup_from_sleep
                0x20000bfc        0x1 ./Core/Src/main.o
                0x20000bfc                wakeup_from_sleep
 .bss.step_requested
                0x20000bfd        0x1 ./Core/Src/main.o
                0x20000bfd                step_requested
 *fill*         0x20000bfe        0x2 
 .bss.last_game_update.2
                0x20000c00        0x4 ./Core/Src/main.o
 .bss.__sbrk_heap_end
                0x20000c04        0x4 ./Core/Src/sysmem.o
 .bss.cmd_handler
                0x20000c08        0x4 ./Core/Src/uart_protocol.o
 .bss.uart_last_crc_error
                0x20000c0c        0x1 ./Core/Src/uart_protocol.o
                0x20000c0c                uart_last_crc_error
 .bss.uart_packet_received
                0x20000c0d        0x1 ./Core/Src/uart_protocol.o
                0x20000c0d                uart_packet_received
 *fill*         0x20000c0e        0x2 
 .bss.huart_protocol
                0x20000c10        0x4 ./Core/Src/uart_protocol.o
 .bss.rx_state  0x20000c14        0x1 ./Core/Src/uart_protocol.o
 *fill*         0x20000c15        0x3 
 .bss.rx_buffer
                0x20000c18        0x8 ./Core/Src/uart_protocol.o
 .bss.rx_index  0x20000c20        0x1 ./Core/Src/uart_protocol.o
 *fill*         0x20000c21        0x3 
 .bss.uwTick    0x20000c24        0x4 ./Drivers/STM32F0xx_HAL_Driver/Src/stm32f0xx_hal.o
                0x20000c24                uwTick
 .bss.__sf      0x20000c28      0x138 C:/ST/STM32CubeIDE_2.0.0/STM32CubeIDE/plugins/com.st.stm32cube.ide.mcu.externaltools.gnu-tools-for-stm32.13.3.rel1.win32_1.0.100.202509120712/tools/bin/../lib/gcc/arm-none-eabi/13.3.1/../../../../arm-none-eabi/lib/thumb/v6-m/nofp\libc_nano.a(libc_a-findfp.o)
                0x20000c28                __sf
 .bss.__stdio_exit_handler
                0x20000d60        0x4 C:/ST/STM32CubeIDE_2.0.0/STM32CubeIDE/plugins/com.st.stm32cube.ide.mcu.externaltools.gnu-tools-for-stm32.13.3.rel1.win32_1.0.100.202509120712/tools/bin/../lib/gcc/arm-none-eabi/13.3.1/../../../../arm-none-eabi/lib/thumb/v6-m/nofp\libc_nano.a(libc_a-findfp.o)
                0x20000d60                __stdio_exit_handler
 .bss.errno     0x20000d64        0x4 C:/ST/STM32CubeIDE_2.0.0/STM32CubeIDE/plugins/com.st.stm32cube.ide.mcu.externaltools.gnu-tools-for-stm32.13.3.rel1.win32_1.0.100.202509120712/tools/bin/../lib/gcc/arm-none-eabi/13.3.1/../../../../arm-none-eabi/lib/thumb/v6-m/nofp\libc_nano.a(libc_a-reent.o)
                0x20000d64                errno
 .bss.__lock___malloc_recursive_mutex
                0x20000d68        0x1 C:/ST/STM32CubeIDE_2.0.0/STM32CubeIDE/plugins/com.st.stm32cube.ide.mcu.externaltools.gnu-tools-for-stm32.13.3.rel1.win32_1.0.100.202509120712/tools/bin/../lib/gcc/arm-none-eabi/13.3.1/../../../../arm-none-eabi/lib/thumb/v6-m/nofp\libc_nano.a(libc_a-lock.o)
                0x20000d68                __lock___malloc_recursive_mutex
 .bss.__lock___sfp_recursive_mutex
                0x20000d69        0x1 C:/ST/STM32CubeIDE_2.0.0/STM32CubeIDE/plugins/com.st.stm32cube.ide.mcu.externaltools.gnu-tools-for-stm32.13.3.rel1.win32_1.0.100.202509120712/tools/bin/../lib/gcc/arm-none-eabi/13.3.1/../../../../arm-none-eabi/lib/thumb/v6-m/nofp\libc_nano.a(libc_a-lock.o)
                0x20000d69                __lock___sfp_recursive_mutex
 *fill*         0x20000d6a        0x2 
 .bss.__malloc_sbrk_start
                0x20000d6c        0x4 C:/ST/STM32CubeIDE_2.0.0/STM32CubeIDE/plugins/com.st.stm32cube.ide.mcu.externaltools.gnu-tools-for-stm32.13.3.rel1.win32_1.0.100.202509120712/tools/bin/../lib/gcc/arm-none-eabi/13.3.1/../../../../arm-none-eabi/lib/thumb/v6-m/nofp\libc_nano.a(libc_a-mallocr.o)
                0x20000d6c                __malloc_sbrk_start
 .bss.__malloc_free_list
                0x20000d70        0x4 C:/ST/STM32CubeIDE_2.0.0/STM32CubeIDE/plugins/com.st.stm32cube.ide.mcu.externaltools.gnu-tools-for-stm32.13.3.rel1.win32_1.0.100.202509120712/tools/bin/../lib/gcc/arm-none-eabi/13.3.1/../../../../arm-none-eabi/lib/thumb/v6-m/nofp\libc_nano.a(libc_a-mallocr.o)
                0x20000d70                __malloc_free_list
 *(COMMON)
                0x20000d74                        . = ALIGN (0x4)
                0x20000d74                        _ebss = .
                0x20000d74                        __bss_end__ = _ebss

._user_heap_stack
                0x20000d74      0x604 load address 0x080061ec
                0x20000d78                        . = ALIGN (0x8)
 *fill*         0x20000d74        0x4 
                [!provide]                        PROVIDE (end = .)
                0x20000d78                        PROVIDE (_end = .)
                0x20000f78                        . = (. + _Min_Heap_Size)
 *fill*         0x20000d78      0x200 
                0x20001378                        . = (. + _Min_Stack_Size)
 *fill*         0x20000f78      0x400 
                0x20001378                        . = ALIGN (0x8)

/DISCARD/
 libc.a(*)
 libm.a(*)
 libgcc.a(*)

.ARM.attributes
                0x00000000       0x28
 *(.ARM.attributes)
 .ARM.attributes
                0x00000000       0x1e C:/ST/STM32CubeIDE_2.0.0/STM32CubeIDE/plugins/com.st.stm32cube.ide.mcu.externaltools.gnu-tools-for-stm32.13.3.rel1.win32_1.0.100.202509120712/tools/bin/../lib/gcc/arm-none-eabi/13.3.1/thumb/v6-m/nofp/crti.o
 .ARM.attributes
                0x0000001e       0x2c C:/ST/STM32CubeIDE_2.0.0/STM32CubeIDE/plugins/com.st.stm32cube.ide.mcu.externaltools.gnu-tools-for-stm32.13.3.rel1.win32_1.0.100.202509120712/tools/bin/../lib/gcc/arm-none-eabi/13.3.1/thumb/v6-m/nofp/crtbegin.o
 .ARM.attributes
                0x0000004a       0x2c ./Core/Src/button.o
 .ARM.attributes
                0x00000076       0x2c ./Core/Src/debug.o
 .ARM.attributes
                0x000000a2       0x2c ./Core/Src/game_engine.o
 .ARM.attributes
                0x000000ce       0x2c ./Core/Src/game_io.o
 .ARM.attributes
                0x000000fa       0x2c ./Core/Src/led.o
 .ARM.attributes
                0x00000126       0x2c ./Core/Src/main.o
 .ARM.attributes
                0x00000152       0x2c ./Core/Src/stm32f0xx_hal_msp.o
 .ARM.attributes
                0x0000017e       0x2c ./Core/Src/stm32f0xx_it.o
 .ARM.attributes
                0x000001aa       0x2c ./Core/Src/syscalls.o
 .ARM.attributes
                0x000001d6       0x2c ./Core/Src/sysmem.o
 .ARM.attributes
                0x00000202       0x2c ./Core/Src/system_stm32f0xx.o
 .ARM.attributes
                0x0000022e       0x2c ./Core/Src/uart_protocol.o
 .ARM.attributes
                0x0000025a       0x21 ./Core/Startup/startup_stm32f051r8tx.o
 .ARM.attributes
                0x0000027b       0x2c ./Drivers/STM32F0xx_HAL_Driver/Src/stm32f0xx_hal.o
 .ARM.attributes
                0x000002a7       0x2c ./Drivers/STM32F0xx_HAL_Driver/Src/stm32f0xx_hal_cortex.o
 .ARM.attributes
                0x000002d3       0x2c ./Drivers/STM32F0xx_HAL_Driver/Src/stm32f0xx_hal_dma.o
 .ARM.attributes
                0x000002ff       0x2c ./Drivers/STM32F0xx_HAL_Driver/Src/stm32f0xx_hal_gpio.o
 .ARM.attributes
                0x0000032b       0x2c ./Drivers/STM32F0xx_HAL_Driver/Src/stm32f0xx_hal_rcc.o
 .ARM.attributes
                0x00000357       0x2c ./Drivers/STM32F0xx_HAL_Driver/Src/stm32f0xx_hal_rcc_ex.o
 .ARM.attributes
                0x00000383       0x2c ./Drivers/STM32F0xx_HAL_Driver/Src/stm32f0xx_hal_uart.o
 .ARM.attributes
                0x000003af       0x2c ./Drivers/STM32F0xx_HAL_Driver/Src/stm32f0xx_hal_uart_ex.o
 .ARM.attributes
                0x000003db       0x2c C:/ST/STM32CubeIDE_2.0.0/STM32CubeIDE/plugins/com.st.stm32cube.ide.mcu.externaltools.gnu-tools-for-stm32.13.3.rel1.win32_1.0.100.202509120712/tools/bin/../lib/gcc/arm-none-eabi/13.3.1/../../../../arm-none-eabi/lib/thumb/v6-m/nofp\libc_nano.a(libc_a-rand.o)
 .ARM.attributes
                0x00000407       0x2c C:/ST/STM32CubeIDE_2.0.0/STM32CubeIDE/plugins/com.st.stm32cube.ide.mcu.externaltools.gnu-tools-for-stm32.13.3.rel1.win32_1.0.100.202509120712/tools/bin/../lib/gcc/arm-none-eabi/13.3.1/../../../../arm-none-eabi/lib/thumb/v6-m/nofp\libc_nano.a(libc_a-findfp.o)
 .ARM.attributes
                0x00000433       0x2c C:/ST/STM32CubeIDE_2.0.0/STM32CubeIDE/plugins/com.st.stm32cube.ide.mcu.externaltools.gnu-tools-for-stm32.13.3.rel1.win32_1.0.100.202509120712/tools/bin/../lib/gcc/arm-none-eabi/13.3.1/../../../../arm-none-eabi/lib/thumb/v6-m/nofp\libc_nano.a(libc_a-fwalk.o)
 .ARM.attributes
                0x0000045f       0x2c C:/ST/STM32CubeIDE_2.0.0/STM32CubeIDE/plugins/com.st.stm32cube.ide.mcu.externaltools.gnu-tools-for-stm32.13.3.rel1.win32_1.0.100.202509120712/tools/bin/../lib/gcc/arm-none-eabi/13.3.1/../../../../arm-none-eabi/lib/thumb/v6-m/nofp\libc_nano.a(libc_a-stdio.o)
 .ARM.attributes
                0x0000048b       0x2c C:/ST/STM32CubeIDE_2.0.0/STM32CubeIDE/plugins/com.st.stm32cube.ide.mcu.externaltools.gnu-tools-for-stm32.13.3.rel1.win32_1.0.100.202509120712/tools/bin/../lib/gcc/arm-none-eabi/13.3.1/../../../../arm-none-eabi/lib/thumb/v6-m/nofp\libc_nano.a(libc_a-memset.o)
 .ARM.attributes
                0x000004b7       0x2c C:/ST/STM32CubeIDE_2.0.0/STM32CubeIDE/plugins/com.st.stm32cube.ide.mcu.externaltools.gnu-tools-for-stm32.13.3.rel1.win32_1.0.100.202509120712/tools/bin/../lib/gcc/arm-none-eabi/13.3.1/../../../../arm-none-eabi/lib/thumb/v6-m/nofp\libc_nano.a(libc_a-closer.o)
 .ARM.attributes
                0x000004e3       0x2c C:/ST/STM32CubeIDE_2.0.0/STM32CubeIDE/plugins/com.st.stm32cube.ide.mcu.externaltools.gnu-tools-for-stm32.13.3.rel1.win32_1.0.100.202509120712/tools/bin/../lib/gcc/arm-none-eabi/13.3.1/../../../../arm-none-eabi/lib/thumb/v6-m/nofp\libc_nano.a(libc_a-reent.o)
 .ARM.attributes
                0x0000050f       0x2c C:/ST/STM32CubeIDE_2.0.0/STM32CubeIDE/plugins/com.st.stm32cube.ide.mcu.externaltools.gnu-tools-for-stm32.13.3.rel1.win32_1.0.100.202509120712/tools/bin/../lib/gcc/arm-none-eabi/13.3.1/../../../../arm-none-eabi/lib/thumb/v6-m/nofp\libc_nano.a(libc_a-impure.o)
 .ARM.attributes
                0x0000053b       0x2c C:/ST/STM32CubeIDE_2.0.0/STM32CubeIDE/plugins/com.st.stm32cube.ide.mcu.externaltools.gnu-tools-for-stm32.13.3.rel1.win32_1.0.100.202509120712/tools/bin/../lib/gcc/arm-none-eabi/13.3.1/../../../../arm-none-eabi/lib/thumb/v6-m/nofp\libc_nano.a(libc_a-lseekr.o)
 .ARM.attributes
                0x00000567       0x2c C:/ST/STM32CubeIDE_2.0.0/STM32CubeIDE/plugins/com.st.stm32cube.ide.mcu.externaltools.gnu-tools-for-stm32.13.3.rel1.win32_1.0.100.202509120712/tools/bin/../lib/gcc/arm-none-eabi/13.3.1/../../../../arm-none-eabi/lib/thumb/v6-m/nofp\libc_nano.a(libc_a-readr.o)
 .ARM.attributes
                0x00000593       0x2c C:/ST/STM32CubeIDE_2.0.0/STM32CubeIDE/plugins/com.st.stm32cube.ide.mcu.externaltools.gnu-tools-for-stm32.13.3.rel1.win32_1.0.100.202509120712/tools/bin/../lib/gcc/arm-none-eabi/13.3.1/../../../../arm-none-eabi/lib/thumb/v6-m/nofp\libc_nano.a(libc_a-writer.o)
 .ARM.attributes
                0x000005bf       0x2c C:/ST/STM32CubeIDE_2.0.0/STM32CubeIDE/plugins/com.st.stm32cube.ide.mcu.externaltools.gnu-tools-for-stm32.13.3.rel1.win32_1.0.100.202509120712/tools/bin/../lib/gcc/arm-none-eabi/13.3.1/../../../../arm-none-eabi/lib/thumb/v6-m/nofp\libc_nano.a(libc_a-errno.o)
 .ARM.attributes
                0x000005eb       0x2c C:/ST/STM32CubeIDE_2.0.0/STM32CubeIDE/plugins/com.st.stm32cube.ide.mcu.externaltools.gnu-tools-for-stm32.13.3.rel1.win32_1.0.100.202509120712/tools/bin/../lib/gcc/arm-none-eabi/13.3.1/../../../../arm-none-eabi/lib/thumb/v6-m/nofp\libc_nano.a(libc_a-init.o)
 .ARM.attributes
                0x00000617       0x2c C:/ST/STM32CubeIDE_2.0.0/STM32CubeIDE/plugins/com.st.stm32cube.ide.mcu.externaltools.gnu-tools-for-stm32.13.3.rel1.win32_1.0.100.202509120712/tools/bin/../lib/gcc/arm-none-eabi/13.3.1/../../../../arm-none-eabi/lib/thumb/v6-m/nofp\libc_nano.a(libc_a-lock.o)
 .ARM.attributes
                0x00000643       0x2c C:/ST/STM32CubeIDE_2.0.0/STM32CubeIDE/plugins/com.st.stm32cube.ide.mcu.externaltools.gnu-tools-for-stm32.13.3.rel1.win32_1.0.100.202509120712/tools/bin/../lib/gcc/arm-none-eabi/13.3.1/../../../../arm-none-eabi/lib/thumb/v6-m/nofp\libc_nano.a(libc_a-assert.o)
 .ARM.attributes
                0x0000066f       0x2c C:/ST/STM32CubeIDE_2.0.0/STM32CubeIDE/plugins/com.st.stm32cube.ide.mcu.externaltools.gnu-tools-for-stm32.13.3.rel1.win32_1.0.100.202509120712/tools/bin/../lib/gcc/arm-none-eabi/13.3.1/../../../../arm-none-eabi/lib/thumb/v6-m/nofp\libc_nano.a(libc_a-freer.o)
 .ARM.attributes
                0x0000069b       0x2c C:/ST/STM32CubeIDE_2.0.0/STM32CubeIDE/plugins/com.st.stm32cube.ide.mcu.externaltools.gnu-tools-for-stm32.13.3.rel1.win32_1.0.100.202509120712/tools/bin/../lib/gcc/arm-none-eabi/13.3.1/../../../../arm-none-eabi/lib/thumb/v6-m/nofp\libc_nano.a(libc_a-malloc.o)
 .ARM.attributes
                0x000006c7       0x2c C:/ST/STM32CubeIDE_2.0.0/STM32CubeIDE/plugins/com.st.stm32cube.ide.mcu.externaltools.gnu-tools-for-stm32.13.3.rel1.win32_1.0.100.202509120712/tools/bin/../lib/gcc/arm-none-eabi/13.3.1/../../../../arm-none-eabi/lib/thumb/v6-m/nofp\libc_nano.a(libc_a-mallocr.o)
 .ARM.attributes
                0x000006f3       0x2c C:/ST/STM32CubeIDE_2.0.0/STM32CubeIDE/plugins/com.st.stm32cube.ide.mcu.externaltools.gnu-tools-for-stm32.13.3.rel1.win32_1.0.100.202509120712/tools/bin/../lib/gcc/arm-none-eabi/13.3.1/../../../../arm-none-eabi/lib/thumb/v6-m/nofp\libc_nano.a(libc_a-mlock.o)
 .ARM.attributes
                0x0000071f       0x2c C:/ST/STM32CubeIDE_2.0.0/STM32CubeIDE/plugins/com.st.stm32cube.ide.mcu.externaltools.gnu-tools-for-stm32.13.3.rel1.win32_1.0.100.202509120712/tools/bin/../lib/gcc/arm-none-eabi/13.3.1/../../../../arm-none-eabi/lib/thumb/v6-m/nofp\libc_nano.a(libc_a-fflush.o)
 .ARM.attributes
                0x0000074b       0x2c C:/ST/STM32CubeIDE_2.0.0/STM32CubeIDE/plugins/com.st.stm32cube.ide.mcu.externaltools.gnu-tools-for-stm32.13.3.rel1.win32_1.0.100.202509120712/tools/bin/../lib/gcc/arm-none-eabi/13.3.1/../../../../arm-none-eabi/lib/thumb/v6-m/nofp\libc_nano.a(libc_a-fprintf.o)
 .ARM.attributes
                0x00000777       0x2c C:/ST/STM32CubeIDE_2.0.0/STM32CubeIDE/plugins/com.st.stm32cube.ide.mcu.externaltools.gnu-tools-for-stm32.13.3.rel1.win32_1.0.100.202509120712/tools/bin/../lib/gcc/arm-none-eabi/13.3.1/../../../../arm-none-eabi/lib/thumb/v6-m/nofp\libc_nano.a(libc_a-sbrkr.o)
 .ARM.attributes
                0x000007a3       0x2c C:/ST/STM32CubeIDE_2.0.0/STM32CubeIDE/plugins/com.st.stm32cube.ide.mcu.externaltools.gnu-tools-for-stm32.13.3.rel1.win32_1.0.100.202509120712/tools/bin/../lib/gcc/arm-none-eabi/13.3.1/../../../../arm-none-eabi/lib/thumb/v6-m/nofp\libc_nano.a(libc_a-abort.o)
 .ARM.attributes
                0x000007cf       0x2c C:/ST/STM32CubeIDE_2.0.0/STM32CubeIDE/plugins/com.st.stm32cube.ide.mcu.externaltools.gnu-tools-for-stm32.13.3.rel1.win32_1.0.100.202509120712/tools/bin/../lib/gcc/arm-none-eabi/13.3.1/../../../../arm-none-eabi/lib/thumb/v6-m/nofp\libc_nano.a(libc_a-nano-vfprintf.o)
 .ARM.attributes
                0x000007fb       0x2c C:/ST/STM32CubeIDE_2.0.0/STM32CubeIDE/plugins/com.st.stm32cube.ide.mcu.externaltools.gnu-tools-for-stm32.13.3.rel1.win32_1.0.100.202509120712/tools/bin/../lib/gcc/arm-none-eabi/13.3.1/../../../../arm-none-eabi/lib/thumb/v6-m/nofp\libc_nano.a(libc_a-nano-vfprintf_i.o)
 .ARM.attributes
                0x00000827       0x2c C:/ST/STM32CubeIDE_2.0.0/STM32CubeIDE/plugins/com.st.stm32cube.ide.mcu.externaltools.gnu-tools-for-stm32.13.3.rel1.win32_1.0.100.202509120712/tools/bin/../lib/gcc/arm-none-eabi/13.3.1/../../../../arm-none-eabi/lib/thumb/v6-m/nofp\libc_nano.a(libc_a-wbuf.o)
 .ARM.attributes
                0x00000853       0x2c C:/ST/STM32CubeIDE_2.0.0/STM32CubeIDE/plugins/com.st.stm32cube.ide.mcu.externaltools.gnu-tools-for-stm32.13.3.rel1.win32_1.0.100.202509120712/tools/bin/../lib/gcc/arm-none-eabi/13.3.1/../../../../arm-none-eabi/lib/thumb/v6-m/nofp\libc_nano.a(libc_a-wsetup.o)
 .ARM.attributes
                0x0000087f       0x2c C:/ST/STM32CubeIDE_2.0.0/STM32CubeIDE/plugins/com.st.stm32cube.ide.mcu.externaltools.gnu-tools-for-stm32.13.3.rel1.win32_1.0.100.202509120712/tools/bin/../lib/gcc/arm-none-eabi/13.3.1/../../../../arm-none-eabi/lib/thumb/v6-m/nofp\libc_nano.a(libc_a-signal.o)
 .ARM.attributes
                0x000008ab       0x2c C:/ST/STM32CubeIDE_2.0.0/STM32CubeIDE/plugins/com.st.stm32cube.ide.mcu.externaltools.gnu-tools-for-stm32.13.3.rel1.win32_1.0.100.202509120712/tools/bin/../lib/gcc/arm-none-eabi/13.3.1/../../../../arm-none-eabi/lib/thumb/v6-m/nofp\libc_nano.a(libc_a-signalr.o)
 .ARM.attributes
                0x000008d7       0x2c C:/ST/STM32CubeIDE_2.0.0/STM32CubeIDE/plugins/com.st.stm32cube.ide.mcu.externaltools.gnu-tools-for-stm32.13.3.rel1.win32_1.0.100.202509120712/tools/bin/../lib/gcc/arm-none-eabi/13.3.1/../../../../arm-none-eabi/lib/thumb/v6-m/nofp\libc_nano.a(libc_a-memchr-stub.o)
 .ARM.attributes
                0x00000903       0x2c C:/ST/STM32CubeIDE_2.0.0/STM32CubeIDE/plugins/com.st.stm32cube.ide.mcu.externaltools.gnu-tools-for-stm32.13.3.rel1.win32_1.0.100.202509120712/tools/bin/../lib/gcc/arm-none-eabi/13.3.1/../../../../arm-none-eabi/lib/thumb/v6-m/nofp\libc_nano.a(libc_a-makebuf.o)
 .ARM.attributes
                0x0000092f       0x2c C:/ST/STM32CubeIDE_2.0.0/STM32CubeIDE/plugins/com.st.stm32cube.ide.mcu.externaltools.gnu-tools-for-stm32.13.3.rel1.win32_1.0.100.202509120712/tools/bin/../lib/gcc/arm-none-eabi/13.3.1/../../../../arm-none-eabi/lib/thumb/v6-m/nofp\libc_nano.a(libc_a-fstatr.o)
 .ARM.attributes
                0x0000095b       0x2c C:/ST/STM32CubeIDE_2.0.0/STM32CubeIDE/plugins/com.st.stm32cube.ide.mcu.externaltools.gnu-tools-for-stm32.13.3.rel1.win32_1.0.100.202509120712/tools/bin/../lib/gcc/arm-none-eabi/13.3.1/../../../../arm-none-eabi/lib/thumb/v6-m/nofp\libc_nano.a(libc_a-isattyr.o)
 .ARM.attributes
                0x00000987       0x1e C:/ST/STM32CubeIDE_2.0.0/STM32CubeIDE/plugins/com.st.stm32cube.ide.mcu.externaltools.gnu-tools-for-stm32.13.3.rel1.win32_1.0.100.202509120712/tools/bin/../lib/gcc/arm-none-eabi/13.3.1/thumb/v6-m/nofp\libgcc.a(_thumb1_case_shi.o)
 .ARM.attributes
                0x000009a5       0x1e C:/ST/STM32CubeIDE_2.0.0/STM32CubeIDE/plugins/com.st.stm32cube.ide.mcu.externaltools.gnu-tools-for-stm32.13.3.rel1.win32_1.0.100.202509120712/tools/bin/../lib/gcc/arm-none-eabi/13.3.1/thumb/v6-m/nofp\libgcc.a(_udivsi3.o)
 .ARM.attributes
                0x000009c3       0x1e C:/ST/STM32CubeIDE_2.0.0/STM32CubeIDE/plugins/com.st.stm32cube.ide.mcu.externaltools.gnu-tools-for-stm32.13.3.rel1.win32_1.0.100.202509120712/tools/bin/../lib/gcc/arm-none-eabi/13.3.1/thumb/v6-m/nofp\libgcc.a(_divsi3.o)
 .ARM.attributes
                0x000009e1       0x1e C:/ST/STM32CubeIDE_2.0.0/STM32CubeIDE/plugins/com.st.stm32cube.ide.mcu.externaltools.gnu-tools-for-stm32.13.3.rel1.win32_1.0.100.202509120712/tools/bin/../lib/gcc/arm-none-eabi/13.3.1/thumb/v6-m/nofp\libgcc.a(_dvmd_tls.o)
 .ARM.attributes
                0x000009ff       0x2c C:/ST/STM32CubeIDE_2.0.0/STM32CubeIDE/plugins/com.st.stm32cube.ide.mcu.externaltools.gnu-tools-for-stm32.13.3.rel1.win32_1.0.100.202509120712/tools/bin/../lib/gcc/arm-none-eabi/13.3.1/thumb/v6-m/nofp\libgcc.a(_muldi3.o)
 .ARM.attributes
                0x00000a2b       0x1e C:/ST/STM32CubeIDE_2.0.0/STM32CubeIDE/plugins/com.st.stm32cube.ide.mcu.externaltools.gnu-tools-for-stm32.13.3.rel1.win32_1.0.100.202509120712/tools/bin/../lib/gcc/arm-none-eabi/13.3.1/thumb/v6-m/nofp/crtn.o
OUTPUT(nake proj.elf elf32-littlearm)
LOAD linker stubs
LOAD C:/ST/STM32CubeIDE_2.0.0/STM32CubeIDE/plugins/com.st.stm32cube.ide.mcu.externaltools.gnu-tools-for-stm32.13.3.rel1.win32_1.0.100.202509120712/tools/bin/../lib/gcc/arm-none-eabi/13.3.1/../../../../arm-none-eabi/lib/thumb/v6-m/nofp\libc.a
LOAD C:/ST/STM32CubeIDE_2.0.0/STM32CubeIDE/plugins/com.st.stm32cube.ide.mcu.externaltools.gnu-tools-for-stm32.13.3.rel1.win32_1.0.100.202509120712/tools/bin/../lib/gcc/arm-none-eabi/13.3.1/../../../../arm-none-eabi/lib/thumb/v6-m/nofp\libm.a
LOAD C:/ST/STM32CubeIDE_2.0.0/STM32CubeIDE/plugins/com.st.stm32cube.ide.mcu.externaltools.gnu-tools-for-stm32.13.3.rel1.win32_1.0.100.202509120712/tools/bin/../lib/gcc/arm-none-eabi/13.3.1/thumb/v6-m/nofp\libgcc.a

.debug_info     0x00000000     0xbdee
 .debug_info    0x00000000      0x440 ./Core/Src/button.o
 .debug_info    0x00000440      0x970 ./Core/Src/debug.o
 .debug_info    0x00000db0      0x68b ./Core/Src/game_engine.o
 .debug_info    0x0000143b      0x3f9 ./Core/Src/game_io.o
 .debug_info    0x00001834      0x570 ./Core/Src/led.o
 .debug_info    0x00001da4      0xea7 ./Core/Src/main.o
 .debug_info    0x00002c4b      0xa14 ./Core/Src/stm32f0xx_hal_msp.o
 .debug_info    0x0000365f      0x6b1 ./Core/Src/stm32f0xx_it.o
 .debug_info    0x00003d10      0x6a3 ./Core/Src/syscalls.o
 .debug_info    0x000043b3      0x168 ./Core/Src/sysmem.o
 .debug_info    0x0000451b      0x242 ./Core/Src/system_stm32f0xx.o
 .debug_info    0x0000475d      0x98b ./Core/Src/uart_protocol.o
 .debug_info    0x000050e8       0x30 ./Core/Startup/startup_stm32f051r8tx.o
 .debug_info    0x00005118      0x6a9 ./Drivers/STM32F0xx_HAL_Driver/Src/stm32f0xx_hal.o
 .debug_info    0x000057c1      0x6b3 ./Drivers/STM32F0xx_HAL_Driver/Src/stm32f0xx_hal_cortex.o
 .debug_info    0x00005e74      0x700 ./Drivers/STM32F0xx_HAL_Driver/Src/stm32f0xx_hal_dma.o
 .debug_info    0x00006574      0x5b4 ./Drivers/STM32F0xx_HAL_Driver/Src/stm32f0xx_hal_gpio.o
 .debug_info    0x00006b28      0x833 ./Drivers/STM32F0xx_HAL_Driver/Src/stm32f0xx_hal_rcc.o
 .debug_info    0x0000735b      0x36b ./Drivers/STM32F0xx_HAL_Driver/Src/stm32f0xx_hal_rcc_ex.o
 .debug_info    0x000076c6     0x3a9e ./Drivers/STM32F0xx_HAL_Driver/Src/stm32f0xx_hal_uart.o
 .debug_info    0x0000b164      0xc8a ./Drivers/STM32F0xx_HAL_Driver/Src/stm32f0xx_hal_uart_ex.o

.debug_abbrev   0x00000000     0x284b
 .debug_abbrev  0x00000000      0x202 ./Core/Src/button.o
 .debug_abbrev  0x00000202      0x246 ./Core/Src/debug.o
 .debug_abbrev  0x00000448      0x25c ./Core/Src/game_engine.o
 .debug_abbrev  0x000006a4      0x1ba ./Core/Src/game_io.o
 .debug_abbrev  0x0000085e      0x204 ./Core/Src/led.o
 .debug_abbrev  0x00000a62      0x2ba ./Core/Src/main.o
 .debug_abbrev  0x00000d1c      0x1ca ./Core/Src/stm32f0xx_hal_msp.o
 .debug_abbrev  0x00000ee6      0x185 ./Core/Src/stm32f0xx_it.o
 .debug_abbrev  0x0000106b      0x1b6 ./Core/Src/syscalls.o
 .debug_abbrev  0x00001221       0xbc ./Core/Src/sysmem.o
 .debug_abbrev  0x000012dd      0x11c ./Core/Src/system_stm32f0xx.o
 .debug_abbrev  0x000013f9      0x20b ./Core/Src/uart_protocol.o
 .debug_abbrev  0x00001604       0x24 ./Core/Startup/startup_stm32f051r8tx.o
 .debug_abbrev  0x00001628      0x247 ./Drivers/STM32F0xx_HAL_Driver/Src/stm32f0xx_hal.o
 .debug_abbrev  0x0000186f      0x28c ./Drivers/STM32F0xx_HAL_Driver/Src/stm32f0xx_hal_cortex.o
 .debug_abbrev  0x00001afb      0x1ef ./Drivers/STM32F0xx_HAL_Driver/Src/stm32f0xx_hal_dma.o
 .debug_abbrev  0x00001cea      0x1ca ./Drivers/STM32F0xx_HAL_Driver/Src/stm32f0xx_hal_gpio.o
 .debug_abbrev  0x00001eb4      0x28c ./Drivers/STM32F0xx_HAL_Driver/Src/stm32f0xx_hal_rcc.o
 .debug_abbrev  0x00002140      0x16f ./Drivers/STM32F0xx_HAL_Driver/Src/stm32f0xx_hal_rcc_ex.o
 .debug_abbrev  0x000022af      0x2e1 ./Drivers/STM32F0xx_HAL_Driver/Src/stm32f0xx_hal_uart.o
 .debug_abbrev  0x00002590      0x2bb ./Drivers/STM32F0xx_HAL_Driver/Src/stm32f0xx_hal_uart_ex.o

.debug_aranges  0x00000000      0x9e0
 .debug_aranges
                0x00000000       0x38 ./Core/Src/button.o
 .debug_aranges
                0x00000038       0x58 ./Core/Src/debug.o
 .debug_aranges
                0x00000090       0x88 ./Core/Src/game_engine.o
 .debug_aranges
                0x00000118       0x88 ./Core/Src/game_io.o
 .debug_aranges
                0x000001a0       0x60 ./Core/Src/led.o
 .debug_aranges
                0x00000200       0x48 ./Core/Src/main.o
 .debug_aranges
                0x00000248       0x30 ./Core/Src/stm32f0xx_hal_msp.o
 .debug_aranges
                0x00000278       0x48 ./Core/Src/stm32f0xx_it.o
 .debug_aranges
                0x000002c0       0xa8 ./Core/Src/syscalls.o
 .debug_aranges
                0x00000368       0x20 ./Core/Src/sysmem.o
 .debug_aranges
                0x00000388       0x28 ./Core/Src/system_stm32f0xx.o
 .debug_aranges
                0x000003b0       0x50 ./Core/Src/uart_protocol.o
 .debug_aranges
                0x00000400       0x28 ./Core/Startup/startup_stm32f051r8tx.o
 .debug_aranges
                0x00000428       0xd0 ./Drivers/STM32F0xx_HAL_Driver/Src/stm32f0xx_hal.o
 .debug_aranges
                0x000004f8       0xc0 ./Drivers/STM32F0xx_HAL_Driver/Src/stm32f0xx_hal_cortex.o
 .debug_aranges
                0x000005b8       0x88 ./Drivers/STM32F0xx_HAL_Driver/Src/stm32f0xx_hal_dma.o
 .debug_aranges
                0x00000640       0x58 ./Drivers/STM32F0xx_HAL_Driver/Src/stm32f0xx_hal_gpio.o
 .debug_aranges
                0x00000698       0x80 ./Drivers/STM32F0xx_HAL_Driver/Src/stm32f0xx_hal_rcc.o
 .debug_aranges
                0x00000718       0x30 ./Drivers/STM32F0xx_HAL_Driver/Src/stm32f0xx_hal_rcc_ex.o
 .debug_aranges
                0x00000748      0x228 ./Drivers/STM32F0xx_HAL_Driver/Src/stm32f0xx_hal_uart.o
 .debug_aranges
                0x00000970       0x70 ./Drivers/STM32F0xx_HAL_Driver/Src/stm32f0xx_hal_uart_ex.o

.debug_rnglists
                0x00000000      0x783
 .debug_rnglists
                0x00000000       0x28 ./Core/Src/button.o
 .debug_rnglists
                0x00000028       0x40 ./Core/Src/debug.o
 .debug_rnglists
                0x00000068       0x7a ./Core/Src/game_engine.o
 .debug_rnglists
                0x000000e2       0x62 ./Core/Src/game_io.o
 .debug_rnglists
                0x00000144       0x45 ./Core/Src/led.o
 .debug_rnglists
                0x00000189       0x35 ./Core/Src/main.o
 .debug_rnglists
                0x000001be       0x20 ./Core/Src/stm32f0xx_hal_msp.o
 .debug_rnglists
                0x000001de       0x31 ./Core/Src/stm32f0xx_it.o
 .debug_rnglists
                0x0000020f       0x79 ./Core/Src/syscalls.o
 .debug_rnglists
                0x00000288       0x13 ./Core/Src/sysmem.o
 .debug_rnglists
                0x0000029b       0x1a ./Core/Src/system_stm32f0xx.o
 .debug_rnglists
                0x000002b5       0x39 ./Core/Src/uart_protocol.o
 .debug_rnglists
                0x000002ee       0x19 ./Core/Startup/startup_stm32f051r8tx.o
 .debug_rnglists
                0x00000307       0x97 ./Drivers/STM32F0xx_HAL_Driver/Src/stm32f0xx_hal.o
 .debug_rnglists
                0x0000039e       0x8c ./Drivers/STM32F0xx_HAL_Driver/Src/stm32f0xx_hal_cortex.o
 .debug_rnglists
                0x0000042a       0x6a ./Drivers/STM32F0xx_HAL_Driver/Src/stm32f0xx_hal_dma.o
 .debug_rnglists
                0x00000494       0x3f ./Drivers/STM32F0xx_HAL_Driver/Src/stm32f0xx_hal_gpio.o
 .debug_rnglists
                0x000004d3       0x60 ./Drivers/STM32F0xx_HAL_Driver/Src/stm32f0xx_hal_rcc.o
 .debug_rnglists
                0x00000533       0x21 ./Drivers/STM32F0xx_HAL_Driver/Src/stm32f0xx_hal_rcc_ex.o
 .debug_rnglists
                0x00000554      0x1db ./Drivers/STM32F0xx_HAL_Driver/Src/stm32f0xx_hal_uart.o
 .debug_rnglists
                0x0000072f       0x54 ./Drivers/STM32F0xx_HAL_Driver/Src/stm32f0xx_hal_uart_ex.o

.debug_macro    0x00000000    0x136d9
 .debug_macro   0x00000000      0x205 ./Core/Src/button.o
 .debug_macro   0x00000205      0xaae ./Core/Src/button.o
 .debug_macro   0x00000cb3       0x22 ./Core/Src/button.o
 .debug_macro   0x00000cd5       0x8e ./Core/Src/button.o
 .debug_macro   0x00000d63       0x51 ./Core/Src/button.o
 .debug_macro   0x00000db4      0x103 ./Core/Src/button.o
 .debug_macro   0x00000eb7       0x6a ./Core/Src/button.o
 .debug_macro   0x00000f21      0x1df ./Core/Src/button.o
 .debug_macro   0x00001100      0x12d ./Core/Src/button.o
 .debug_macro   0x0000122d       0x2e ./Core/Src/button.o
 .debug_macro   0x0000125b       0x22 ./Core/Src/button.o
 .debug_macro   0x0000127d       0x1c ./Core/Src/button.o
 .debug_macro   0x00001299       0x22 ./Core/Src/button.o
 .debug_macro   0x000012bb       0xaf ./Core/Src/button.o
 .debug_macro   0x0000136a      0x391 ./Core/Src/button.o
 .debug_macro   0x000016fb     0x8d00 ./Core/Src/button.o
 .debug_macro   0x0000a3fb       0x66 ./Core/Src/button.o
 .debug_macro   0x0000a461     0x34da ./Core/Src/button.o
 .debug_macro   0x0000d93b      0x190 ./Core/Src/button.o
 .debug_macro   0x0000dacb       0x55 ./Core/Src/button.o
 .debug_macro   0x0000db20      0x924 ./Core/Src/button.o
 .debug_macro   0x0000e444      0x251 ./Core/Src/button.o
 .debug_macro   0x0000e695      0x1ae ./Core/Src/button.o
 .debug_macro   0x0000e843      0x114 ./Core/Src/button.o
 .debug_macro   0x0000e957      0x1a0 ./Core/Src/button.o
 .debug_macro   0x0000eaf7      0x1ed ./Core/Src/button.o
 .debug_macro   0x0000ece4       0x34 ./Core/Src/button.o
 .debug_macro   0x0000ed18       0x43 ./Core/Src/button.o
 .debug_macro   0x0000ed5b       0x28 ./Core/Src/button.o
 .debug_macro   0x0000ed83       0xb0 ./Core/Src/button.o
 .debug_macro   0x0000ee33      0x199 ./Core/Src/button.o
 .debug_macro   0x0000efcc      0x22c ./Core/Src/button.o
 .debug_macro   0x0000f1f8       0x61 ./Core/Src/button.o
 .debug_macro   0x0000f259       0xa5 ./Core/Src/button.o
 .debug_macro   0x0000f2fe       0x4c ./Core/Src/button.o
 .debug_macro   0x0000f34a      0x112 ./Core/Src/button.o
 .debug_macro   0x0000f45c      0x5ba ./Core/Src/button.o
 .debug_macro   0x0000fa16       0x3e ./Core/Src/button.o
 .debug_macro   0x0000fa54      0x114 ./Core/Src/button.o
 .debug_macro   0x0000fb68       0x64 ./Core/Src/button.o
 .debug_macro   0x0000fbcc       0x40 ./Core/Src/button.o
 .debug_macro   0x0000fc0c       0xa6 ./Core/Src/button.o
 .debug_macro   0x0000fcb2      0x2bf ./Core/Src/debug.o
 .debug_macro   0x0000ff71       0x24 ./Core/Src/debug.o
 .debug_macro   0x0000ff95       0x61 ./Core/Src/debug.o
 .debug_macro   0x0000fff6       0x43 ./Core/Src/debug.o
 .debug_macro   0x00010039       0x34 ./Core/Src/debug.o
 .debug_macro   0x0001006d       0x16 ./Core/Src/debug.o
 .debug_macro   0x00010083       0x3c ./Core/Src/debug.o
 .debug_macro   0x000100bf      0x370 ./Core/Src/debug.o
 .debug_macro   0x0001042f       0x16 ./Core/Src/debug.o
 .debug_macro   0x00010445       0x4a ./Core/Src/debug.o
 .debug_macro   0x0001048f       0x34 ./Core/Src/debug.o
 .debug_macro   0x000104c3       0x10 ./Core/Src/debug.o
 .debug_macro   0x000104d3       0x58 ./Core/Src/debug.o
 .debug_macro   0x0001052b       0x8e ./Core/Src/debug.o
 .debug_macro   0x000105b9       0x1c ./Core/Src/debug.o
 .debug_macro   0x000105d5      0x185 ./Core/Src/debug.o
 .debug_macro   0x0001075a       0x16 ./Core/Src/debug.o
 .debug_macro   0x00010770       0x29 ./Core/Src/debug.o
 .debug_macro   0x00010799      0x190 ./Core/Src/game_engine.o
 .debug_macro   0x00010929      0x11c ./Core/Src/game_engine.o
 .debug_macro   0x00010a45       0x9b ./Core/Src/game_engine.o
 .debug_macro   0x00010ae0       0x16 ./Core/Src/game_engine.o
 .debug_macro   0x00010af6       0x20 ./Core/Src/game_engine.o
 .debug_macro   0x00010b16       0x89 ./Core/Src/game_io.o
 .debug_macro   0x00010b9f      0x209 ./Core/Src/led.o
 .debug_macro   0x00010da8      0x2d1 ./Core/Src/main.o
 .debug_macro   0x00011079      0x1c6 ./Core/Src/stm32f0xx_hal_msp.o
 .debug_macro   0x0001123f      0x1d0 ./Core/Src/stm32f0xx_it.o
 .debug_macro   0x0001140f      0x274 ./Core/Src/syscalls.o
 .debug_macro   0x00011683       0x5b ./Core/Src/syscalls.o
 .debug_macro   0x000116de       0x94 ./Core/Src/syscalls.o
 .debug_macro   0x00011772       0x57 ./Core/Src/syscalls.o
 .debug_macro   0x000117c9       0x10 ./Core/Src/syscalls.o
 .debug_macro   0x000117d9       0x10 ./Core/Src/syscalls.o
 .debug_macro   0x000117e9       0x10 ./Core/Src/syscalls.o
 .debug_macro   0x000117f9       0x10 ./Core/Src/syscalls.o
 .debug_macro   0x00011809       0x1c ./Core/Src/syscalls.o
 .debug_macro   0x00011825       0x52 ./Core/Src/syscalls.o
 .debug_macro   0x00011877       0x22 ./Core/Src/syscalls.o
 .debug_macro   0x00011899       0x10 ./Core/Src/syscalls.o
 .debug_macro   0x000118a9       0x52 ./Core/Src/syscalls.o
 .debug_macro   0x000118fb       0xcf ./Core/Src/syscalls.o
 .debug_macro   0x000119ca       0x1c ./Core/Src/syscalls.o
 .debug_macro   0x000119e6       0x3d ./Core/Src/syscalls.o
 .debug_macro   0x00011a23       0x35 ./Core/Src/syscalls.o
 .debug_macro   0x00011a58      0x12c ./Core/Src/syscalls.o
 .debug_macro   0x00011b84       0x10 ./Core/Src/syscalls.o
 .debug_macro   0x00011b94      0x242 ./Core/Src/syscalls.o
 .debug_macro   0x00011dd6       0x1c ./Core/Src/syscalls.o
 .debug_macro   0x00011df2       0x10 ./Core/Src/syscalls.o
 .debug_macro   0x00011e02       0x10 ./Core/Src/syscalls.o
 .debug_macro   0x00011e12       0x16 ./Core/Src/syscalls.o
 .debug_macro   0x00011e28      0x146 ./Core/Src/syscalls.o
 .debug_macro   0x00011f6e      0x18a ./Core/Src/syscalls.o
 .debug_macro   0x000120f8       0x16 ./Core/Src/syscalls.o
 .debug_macro   0x0001210e       0xce ./Core/Src/syscalls.o
 .debug_macro   0x000121dc      0x112 ./Core/Src/sysmem.o
 .debug_macro   0x000122ee      0x23c ./Core/Src/sysmem.o
 .debug_macro   0x0001252a      0x1ae ./Core/Src/system_stm32f0xx.o
 .debug_macro   0x000126d8      0x1d9 ./Core/Src/uart_protocol.o
 .debug_macro   0x000128b1       0x5e ./Core/Src/uart_protocol.o
 .debug_macro   0x0001290f      0x1d2 ./Drivers/STM32F0xx_HAL_Driver/Src/stm32f0xx_hal.o
 .debug_macro   0x00012ae1      0x1ae ./Drivers/STM32F0xx_HAL_Driver/Src/stm32f0xx_hal_cortex.o
 .debug_macro   0x00012c8f      0x1ae ./Drivers/STM32F0xx_HAL_Driver/Src/stm32f0xx_hal_dma.o
 .debug_macro   0x00012e3d      0x1b5 ./Drivers/STM32F0xx_HAL_Driver/Src/stm32f0xx_hal_gpio.o
 .debug_macro   0x00012ff2      0x1c0 ./Drivers/STM32F0xx_HAL_Driver/Src/stm32f0xx_hal_rcc.o
 .debug_macro   0x000131b2      0x1ae ./Drivers/STM32F0xx_HAL_Driver/Src/stm32f0xx_hal_rcc_ex.o
 .debug_macro   0x00013360      0x1cb ./Drivers/STM32F0xx_HAL_Driver/Src/stm32f0xx_hal_uart.o
 .debug_macro   0x0001352b      0x1ae ./Drivers/STM32F0xx_HAL_Driver/Src/stm32f0xx_hal_uart_ex.o

.debug_line     0x00000000     0xe40f
 .debug_line    0x00000000      0x877 ./Core/Src/button.o
 .debug_line    0x00000877      0xab7 ./Core/Src/debug.o
 .debug_line    0x0000132e      0xc6b ./Core/Src/game_engine.o
 .debug_line    0x00001f99      0x5fb ./Core/Src/game_io.o
 .debug_line    0x00002594      0x929 ./Core/Src/led.o
 .debug_line    0x00002ebd      0xadc ./Core/Src/main.o
 .debug_line    0x00003999      0x796 ./Core/Src/stm32f0xx_hal_msp.o
 .debug_line    0x0000412f      0x7bb ./Core/Src/stm32f0xx_it.o
 .debug_line    0x000048ea      0x8b1 ./Core/Src/syscalls.o
 .debug_line    0x0000519b      0x58d ./Core/Src/sysmem.o
 .debug_line    0x00005728      0x7a5 ./Core/Src/system_stm32f0xx.o
 .debug_line    0x00005ecd      0x8e5 ./Core/Src/uart_protocol.o
 .debug_line    0x000067b2       0x7b ./Core/Startup/startup_stm32f051r8tx.o
 .debug_line    0x0000682d      0x9b4 ./Drivers/STM32F0xx_HAL_Driver/Src/stm32f0xx_hal.o
 .debug_line    0x000071e1      0xa5c ./Drivers/STM32F0xx_HAL_Driver/Src/stm32f0xx_hal_cortex.o
 .debug_line    0x00007c3d      0xcb8 ./Drivers/STM32F0xx_HAL_Driver/Src/stm32f0xx_hal_dma.o
 .debug_line    0x000088f5      0xb19 ./Drivers/STM32F0xx_HAL_Driver/Src/stm32f0xx_hal_gpio.o
 .debug_line    0x0000940e      0xe45 ./Drivers/STM32F0xx_HAL_Driver/Src/stm32f0xx_hal_rcc.o
 .debug_line    0x0000a253      0x966 ./Drivers/STM32F0xx_HAL_Driver/Src/stm32f0xx_hal_rcc_ex.o
 .debug_line    0x0000abb9     0x2ce8 ./Drivers/STM32F0xx_HAL_Driver/Src/stm32f0xx_hal_uart.o
 .debug_line    0x0000d8a1      0xb6e ./Drivers/STM32F0xx_HAL_Driver/Src/stm32f0xx_hal_uart_ex.o

.debug_str      0x00000000    0x6b9e4
 .debug_str     0x00000000    0x6b9e4 ./Core/Src/button.o
                              0x63ba2 (size before relaxing)
 .debug_str     0x0006b9e4        0x0 ./Core/Src/debug.o
                              0x67175 (size before relaxing)
 .debug_str     0x0006b9e4        0x0 ./Core/Src/game_engine.o
                               0x799e (size before relaxing)
 .debug_str     0x0006b9e4        0x0 ./Core/Src/game_io.o