../Core/Src/main.c:362:20:SetLedPin	16	static
../Core/Src/main.c:241:6:SystemClock_Config	104	static,ignoring_inline_asm
../Core/Src/main.c:397:6:UpdateLEDs	8	static
../Core/Src/main.c:409:6:SetTempEvent	8	static
../Core/Src/main.c:420:6:UpdateLedModes	8	static
../Core/Src/main.c:459:6:HandleButton	16	static
../Core/Src/main.c:513:6:Debug_SendRandomSnakeData	24	static
../Core/Src/main.c:137:5:main	64	static,ignoring_inline_asm
../Core/Src/main.c:559:6:UART_CommandCallback	8	static
../Core/Src/main.c:589:6:HAL_UART_RxCpltCallback	16	static
../Core/Src/main.c:624:6:Error_Handler	0	static,ignoring_inline_asm
